<html>
<body>
<pre>
<h1>µVision Build Log</h1>
<h2>Tool Versions:</h2>
IDE-Version: ¦ÌVision V5.36.0.0
Copyright (C) 2021 ARM Ltd and ARM Germany GmbH. All rights reserved.
License Information: 1 1, 1, LIC=SDA0P-MWAIC-IIN5V-PJ1H3-HME39-XY9GL
 
Tool Versions:
Toolchain:       MDK-ARM Plus  Version: 5.36.0.0
Toolchain Path:  C:\Keil_v5\ARM\ARMCLANG\Bin
C Compiler:      ArmClang.exe V6.16
Assembler:       Armasm.exe V6.16
Linker/Locator:  ArmLink.exe V6.16
Library Manager: ArmAr.exe V6.16
Hex Converter:   FromElf.exe V6.16
CPU DLL:         SARMCM3.DLL V5.36.0.0
Dialog DLL:      DCM.DLL V1.17.3.0
Target DLL:      UL2CM3.DLL V1.164.0.0
Dialog DLL:      TCM.DLL V1.53.0.0
 
<h2>Project:</h2>
C:\Users\guoti\Desktop\HC32\HC32Temp\hc32.uvprojx
Project File Date:  04/26/2025

<h2>Output:</h2>
*** Using Compiler 'V6.16', folder: 'C:\Keil_v5\ARM\ARMCLANG\Bin'
Rebuild target 'hc32'
compiling system_hc32f460.c...
compiling main.cpp...
assembling startup_hc32f460.s...
compiling hc32f460_adc.c...
compiling hc32f460_crc.c...
compiling hc32f460_cmp.c...
compiling hc32f460_event_port.c...
compiling hc32f460_aes.c...
compiling hc32f460_rtc.c...
compiling hc32f460_i2c.c...
compiling hc32f460_spi.c...
compiling hc32f460_sram.c...
compiling hc32f460_clk.c...
compiling hc32f460_gpio.c...
compiling hc32f460_swdt.c...
compiling hc32f460_interrupts.c...
compiling hc32f460_timer0.c...
compiling hc32f460_timer6.c...
compiling hc32f460_timera.c...
compiling hc32f460_usart.c...
compiling hc32f460_trng.c...
compiling hc32f460_utility.c...
compiling hc32f460_wdt.c...
compiling hc32f460_ots.c...
compiling croutine.c...
compiling hc32f460_pwc.c...
compiling hc32f460_efm.c...
compiling hc32f460_exint_nmi_swi.c...
compiling list.c...
compiling event_groups.c...
compiling stream_buffer.c...
compiling queue.c...
compiling port.c...
compiling heap_4.c...
compiling timers.c...
compiling tasks.c...
linking...
Program Size: Code=2088 RO-data=672 RW-data=4 ZI-data=1780  
FromELF: creating hex file...
".\Objects\hc32.axf" - 0 Error(s), 0 Warning(s).

<h2>Software Packages used:</h2>

Package Vendor: HDSC
                https://raw.githubusercontent.com/hdscmcu/pack/master/HDSC.HC32F460.1.0.12.pack
                HDSC.HC32F460.1.0.12
                HC32F460 ARM Cortex-M4 Device Family Pack

<h2>Collection of Component include folders:</h2>
  C:\Users\guoti\AppData\Local\Arm\Packs\HDSC\HC32F460\1.0.12\Device\Include

<h2>Collection of Component Files used:</h2>
Build Time Elapsed:  00:00:01
</pre>
</body>
</html>
