Component: ARM Compiler 6.16 Tool: armlink [5dfeaa00]

==============================================================================

Section Cross References

    startup_hc32f460.o(STACK) refers (Special) to heapauxi.o(.text) for __use_two_region_memory
    startup_hc32f460.o(HEAP) refers (Special) to heapauxi.o(.text) for __use_two_region_memory
    startup_hc32f460.o(RESET) refers (Special) to heapauxi.o(.text) for __use_two_region_memory
    startup_hc32f460.o(RESET) refers to startup_hc32f460.o(STACK) for __initial_sp
    startup_hc32f460.o(RESET) refers to startup_hc32f460.o(.text) for Reset_Handler
    startup_hc32f460.o(RESET) refers to lto-llvm-252130.o(.text.NMI_Handler) for NMI_Handler
    startup_hc32f460.o(RESET) refers to lto-llvm-252130.o(.text.HardFault_Handler) for HardFault_Handler
    startup_hc32f460.o(RESET) refers to lto-llvm-252130.o(.text.MemManage_Handler) for MemManage_Handler
    startup_hc32f460.o(RESET) refers to lto-llvm-252130.o(.text.BusFault_Handler) for BusFault_Handler
    startup_hc32f460.o(RESET) refers to lto-llvm-252130.o(.text.UsageFault_Handler) for UsageFault_Handler
    startup_hc32f460.o(RESET) refers to lto-llvm-252130.o(.text.SVC_Handler) for SVC_Handler
    startup_hc32f460.o(RESET) refers to lto-llvm-252130.o(.text.DebugMon_Handler) for DebugMon_Handler
    startup_hc32f460.o(RESET) refers to lto-llvm-252130.o(.text.PendSV_Handler) for PendSV_Handler
    startup_hc32f460.o(RESET) refers to lto-llvm-252130.o(.text.SysTick_Handler) for SysTick_Handler
    startup_hc32f460.o(RESET) refers to lto-llvm-252130.o(.text.IRQ000_Handler) for IRQ000_Handler
    startup_hc32f460.o(RESET) refers to lto-llvm-252130.o(.text.IRQ001_Handler) for IRQ001_Handler
    startup_hc32f460.o(RESET) refers to lto-llvm-252130.o(.text.IRQ002_Handler) for IRQ002_Handler
    startup_hc32f460.o(RESET) refers to lto-llvm-252130.o(.text.IRQ003_Handler) for IRQ003_Handler
    startup_hc32f460.o(RESET) refers to lto-llvm-252130.o(.text.IRQ004_Handler) for IRQ004_Handler
    startup_hc32f460.o(RESET) refers to lto-llvm-252130.o(.text.IRQ005_Handler) for IRQ005_Handler
    startup_hc32f460.o(RESET) refers to lto-llvm-252130.o(.text.IRQ006_Handler) for IRQ006_Handler
    startup_hc32f460.o(RESET) refers to lto-llvm-252130.o(.text.IRQ007_Handler) for IRQ007_Handler
    startup_hc32f460.o(RESET) refers to lto-llvm-252130.o(.text.IRQ008_Handler) for IRQ008_Handler
    startup_hc32f460.o(RESET) refers to lto-llvm-252130.o(.text.IRQ009_Handler) for IRQ009_Handler
    startup_hc32f460.o(RESET) refers to lto-llvm-252130.o(.text.IRQ010_Handler) for IRQ010_Handler
    startup_hc32f460.o(RESET) refers to lto-llvm-252130.o(.text.IRQ011_Handler) for IRQ011_Handler
    startup_hc32f460.o(RESET) refers to lto-llvm-252130.o(.text.IRQ012_Handler) for IRQ012_Handler
    startup_hc32f460.o(RESET) refers to lto-llvm-252130.o(.text.IRQ013_Handler) for IRQ013_Handler
    startup_hc32f460.o(RESET) refers to lto-llvm-252130.o(.text.IRQ014_Handler) for IRQ014_Handler
    startup_hc32f460.o(RESET) refers to lto-llvm-252130.o(.text.IRQ015_Handler) for IRQ015_Handler
    startup_hc32f460.o(RESET) refers to lto-llvm-252130.o(.text.IRQ016_Handler) for IRQ016_Handler
    startup_hc32f460.o(RESET) refers to lto-llvm-252130.o(.text.IRQ017_Handler) for IRQ017_Handler
    startup_hc32f460.o(RESET) refers to lto-llvm-252130.o(.text.IRQ018_Handler) for IRQ018_Handler
    startup_hc32f460.o(RESET) refers to lto-llvm-252130.o(.text.IRQ019_Handler) for IRQ019_Handler
    startup_hc32f460.o(RESET) refers to lto-llvm-252130.o(.text.IRQ020_Handler) for IRQ020_Handler
    startup_hc32f460.o(RESET) refers to lto-llvm-252130.o(.text.IRQ021_Handler) for IRQ021_Handler
    startup_hc32f460.o(RESET) refers to lto-llvm-252130.o(.text.IRQ022_Handler) for IRQ022_Handler
    startup_hc32f460.o(RESET) refers to lto-llvm-252130.o(.text.IRQ023_Handler) for IRQ023_Handler
    startup_hc32f460.o(RESET) refers to lto-llvm-252130.o(.text.IRQ024_Handler) for IRQ024_Handler
    startup_hc32f460.o(RESET) refers to lto-llvm-252130.o(.text.IRQ025_Handler) for IRQ025_Handler
    startup_hc32f460.o(RESET) refers to lto-llvm-252130.o(.text.IRQ026_Handler) for IRQ026_Handler
    startup_hc32f460.o(RESET) refers to lto-llvm-252130.o(.text.IRQ027_Handler) for IRQ027_Handler
    startup_hc32f460.o(RESET) refers to lto-llvm-252130.o(.text.IRQ028_Handler) for IRQ028_Handler
    startup_hc32f460.o(RESET) refers to lto-llvm-252130.o(.text.IRQ029_Handler) for IRQ029_Handler
    startup_hc32f460.o(RESET) refers to lto-llvm-252130.o(.text.IRQ030_Handler) for IRQ030_Handler
    startup_hc32f460.o(RESET) refers to lto-llvm-252130.o(.text.IRQ031_Handler) for IRQ031_Handler
    startup_hc32f460.o(RESET) refers to lto-llvm-252130.o(.text.IRQ032_Handler) for IRQ032_Handler
    startup_hc32f460.o(RESET) refers to lto-llvm-252130.o(.text.IRQ033_Handler) for IRQ033_Handler
    startup_hc32f460.o(RESET) refers to lto-llvm-252130.o(.text.IRQ034_Handler) for IRQ034_Handler
[...]
    Removing lto-llvm-252130.o(.ARM.exidx.text.IRQ109_Handler), (8 bytes).
    Removing lto-llvm-252130.o(.ARM.exidx.text.IRQ110_Handler), (8 bytes).
    Removing lto-llvm-252130.o(.ARM.exidx.text.IRQ111_Handler), (8 bytes).
    Removing lto-llvm-252130.o(.ARM.exidx.text.IRQ112_Handler), (8 bytes).
    Removing lto-llvm-252130.o(.ARM.exidx.text.IRQ113_Handler), (8 bytes).
    Removing lto-llvm-252130.o(.ARM.exidx.text.IRQ114_Handler), (8 bytes).
    Removing lto-llvm-252130.o(.ARM.exidx.text.IRQ115_Handler), (8 bytes).
    Removing lto-llvm-252130.o(.ARM.exidx.text.IRQ116_Handler), (8 bytes).
    Removing lto-llvm-252130.o(.ARM.exidx.text.IRQ117_Handler), (8 bytes).
    Removing lto-llvm-252130.o(.ARM.exidx.text.IRQ118_Handler), (8 bytes).
    Removing lto-llvm-252130.o(.ARM.exidx.text.IRQ119_Handler), (8 bytes).
    Removing lto-llvm-252130.o(.ARM.exidx.text.IRQ120_Handler), (8 bytes).
    Removing lto-llvm-252130.o(.ARM.exidx.text.IRQ121_Handler), (8 bytes).
    Removing lto-llvm-252130.o(.ARM.exidx.text.IRQ122_Handler), (8 bytes).
    Removing lto-llvm-252130.o(.ARM.exidx.text.IRQ123_Handler), (8 bytes).
    Removing lto-llvm-252130.o(.ARM.exidx.text.IRQ124_Handler), (8 bytes).
    Removing lto-llvm-252130.o(.ARM.exidx.text.IRQ125_Handler), (8 bytes).
    Removing lto-llvm-252130.o(.ARM.exidx.text.IRQ126_Handler), (8 bytes).
    Removing lto-llvm-252130.o(.ARM.exidx.text.IRQ127_Handler), (8 bytes).
    Removing lto-llvm-252130.o(.ARM.exidx.text.vTaskSwitchContext), (8 bytes).
    Removing lto-llvm-252130.o(.ARM.exidx.text.SVC_Handler), (8 bytes).
    Removing lto-llvm-252130.o(.ARM.exidx.text.PendSV_Handler), (8 bytes).
    Removing lto-llvm-252130.o(.ARM.exidx.text.SysTick_Handler), (8 bytes).
    Removing lto-llvm-252130.o(.ARM.use_no_argv), (4 bytes).

142 unused section(s) (total 1124 bytes) removed from the image.

==============================================================================

Image Symbol Table

    Local Symbols

    Symbol Name                              Value     Ov Type        Size  Object(Section)

    ../clib/angel/boardlib.s                 0x00000000   Number         0  boardinit1.o ABSOLUTE
    ../clib/angel/boardlib.s                 0x00000000   Number         0  boardinit2.o ABSOLUTE
    ../clib/angel/boardlib.s                 0x00000000   Number         0  boardinit3.o ABSOLUTE
    ../clib/angel/boardlib.s                 0x00000000   Number         0  boardshut.o ABSOLUTE
    ../clib/angel/handlers.s                 0x00000000   Number         0  __scatter_copy.o ABSOLUTE
    ../clib/angel/handlers.s                 0x00000000   Number         0  __scatter_zi.o ABSOLUTE
    ../clib/angel/kernel.s                   0x00000000   Number         0  __rtentry.o ABSOLUTE
    ../clib/angel/kernel.s                   0x00000000   Number         0  __rtentry2.o ABSOLUTE
    ../clib/angel/kernel.s                   0x00000000   Number         0  __rtentry4.o ABSOLUTE
    ../clib/angel/kernel.s                   0x00000000   Number         0  rtexit.o ABSOLUTE
    ../clib/angel/kernel.s                   0x00000000   Number         0  rtexit2.o ABSOLUTE
    ../clib/angel/rt.s                       0x00000000   Number         0  rt_raise.o ABSOLUTE
    ../clib/angel/scatter.s                  0x00000000   Number         0  __scatter.o ABSOLUTE
    ../clib/angel/startup.s                  0x00000000   Number         0  __main.o ABSOLUTE
    ../clib/angel/sys.s                      0x00000000   Number         0  sys_stackheap_outer.o ABSOLUTE
    ../clib/angel/sys.s                      0x00000000   Number         0  libspace.o ABSOLUTE
    ../clib/angel/sys.s                      0x00000000   Number         0  use_no_semi.o ABSOLUTE
    ../clib/angel/sys.s                      0x00000000   Number         0  indicate_semi.o ABSOLUTE
    ../clib/angel/sysapp.c                   0x00000000   Number         0  sys_exit.o ABSOLUTE
    ../clib/angel/sysapp.c                   0x00000000   Number         0  sys_exit_hlt.o ABSOLUTE
    ../clib/angel/sysapp.c                   0x00000000   Number         0  sys_command.o ABSOLUTE
    ../clib/angel/sysapp.c                   0x00000000   Number         0  sys_command_hlt.o ABSOLUTE
    ../clib/angel/sysapp.c                   0x00000000   Number         0  sys_wrch.o ABSOLUTE
    ../clib/angel/sysapp.c                   0x00000000   Number         0  sys_wrch_hlt.o ABSOLUTE
    ../clib/armsys.c                         0x00000000   Number         0  argv_veneer.o ABSOLUTE
    ../clib/armsys.c                         0x00000000   Number         0  argv_veneer.o ABSOLUTE
    ../clib/armsys.c                         0x00000000   Number         0  _get_argv_nomalloc.o ABSOLUTE
    ../clib/armsys.c                         0x00000000   Number         0  no_argv.o ABSOLUTE
    ../clib/heapalloc.c                      0x00000000   Number         0  hrguard.o ABSOLUTE
    ../clib/heapaux.c                        0x00000000   Number         0  heapauxi.o ABSOLUTE
    ../clib/libinit.s                        0x00000000   Number         0  libinit.o ABSOLUTE
    ../clib/libinit.s                        0x00000000   Number         0  libinit2.o ABSOLUTE
    ../clib/libinit.s                        0x00000000   Number         0  libshutdown.o ABSOLUTE
    ../clib/libinit.s                        0x00000000   Number         0  libshutdown2.o ABSOLUTE
    ../clib/signal.c                         0x00000000   Number         0  defsig_rtmem_outer.o ABSOLUTE
    ../clib/signal.c                         0x00000000   Number         0  defsig_rtmem_formal.o ABSOLUTE
    ../clib/signal.c                         0x00000000   Number         0  defsig_exit.o ABSOLUTE
    ../clib/signal.c                         0x00000000   Number         0  defsig_rtmem_inner.o ABSOLUTE
    ../clib/signal.c                         0x00000000   Number         0  __raise.o ABSOLUTE
    ../clib/signal.c                         0x00000000   Number         0  defsig_general.o ABSOLUTE
    ../clib/signal.c                         0x00000000   Number         0  defsig_abrt_inner.o ABSOLUTE
    ../clib/signal.c                         0x00000000   Number         0  defsig_fpe_inner.o ABSOLUTE
    ../clib/signal.c                         0x00000000   Number         0  defsig_rtred_inner.o ABSOLUTE
    ../clib/signal.c                         0x00000000   Number         0  defsig_stak_inner.o ABSOLUTE
    ../clib/signal.c                         0x00000000   Number         0  defsig_pvfn_inner.o ABSOLUTE
    ../clib/signal.c                         0x00000000   Number         0  defsig_cppl_inner.o ABSOLUTE
    ../clib/signal.c                         0x00000000   Number         0  defsig_segv_inner.o ABSOLUTE
    ../clib/signal.c                         0x00000000   Number         0  defsig_other.o ABSOLUTE
    ../clib/signal.s                         0x00000000   Number         0  defsig.o ABSOLUTE
    ../clib/stdlib.c                         0x00000000   Number         0  exit.o ABSOLUTE
    ../fplib/fpinit.s                        0x00000000   Number         0  fpinit.o ABSOLUTE
    dc.s                                     0x00000000   Number         0  dc.o ABSOLUTE
    ld-temp.o                                0x00000000   Number         0  lto-llvm-252130.o ABSOLUTE
    mcu_core/startup_hc32f460.s              0x00000000   Number         0  startup_hc32f460.o ABSOLUTE
    RESET                                    0x00000000   Section      640  startup_hc32f460.o(RESET)
    !!!main                                  0x00000280   Section        8  __main.o(!!!main)
    !!!scatter                               0x00000288   Section       52  __scatter.o(!!!scatter)
    !!handler_copy                           0x000002bc   Section       26  __scatter_copy.o(!!handler_copy)
    !!handler_zi                             0x000002d8   Section       28  __scatter_zi.o(!!handler_zi)
    .ARM.Collect$$libinit$$00000000          0x000002f4   Section        2  libinit.o(.ARM.Collect$$libinit$$00000000)
    .ARM.Collect$$libinit$$00000001          0x000002f6   Section        4  libinit2.o(.ARM.Collect$$libinit$$00000001)
    .ARM.Collect$$libinit$$00000004          0x000002fa   Section        0  libinit2.o(.ARM.Collect$$libinit$$00000004)
    .ARM.Collect$$libinit$$0000000A          0x000002fa   Section        0  libinit2.o(.ARM.Collect$$libinit$$0000000A)
    .ARM.Collect$$libinit$$0000000C          0x000002fa   Section        0  libinit2.o(.ARM.Collect$$libinit$$0000000C)
    .ARM.Collect$$libinit$$0000000E          0x000002fa   Section        0  libinit2.o(.ARM.Collect$$libinit$$0000000E)
    .ARM.Collect$$libinit$$00000011          0x000002fa   Section        0  libinit2.o(.ARM.Collect$$libinit$$00000011)
    .ARM.Collect$$libinit$$00000013          0x000002fa   Section        0  libinit2.o(.ARM.Collect$$libinit$$00000013)
    .ARM.Collect$$libinit$$00000015          0x000002fa   Section        0  libinit2.o(.ARM.Collect$$libinit$$00000015)
    .ARM.Collect$$libinit$$00000017          0x000002fa   Section        0  libinit2.o(.ARM.Collect$$libinit$$00000017)
    .ARM.Collect$$libinit$$00000019          0x000002fa   Section        0  libinit2.o(.ARM.Collect$$libinit$$00000019)
    .ARM.Collect$$libinit$$0000001B          0x000002fa   Section        0  libinit2.o(.ARM.Collect$$libinit$$0000001B)
    .ARM.Collect$$libinit$$0000001D          0x000002fa   Section        0  libinit2.o(.ARM.Collect$$libinit$$0000001D)
    .ARM.Collect$$libinit$$0000001F          0x000002fa   Section        0  libinit2.o(.ARM.Collect$$libinit$$0000001F)
    .ARM.Collect$$libinit$$00000021          0x000002fa   Section        0  libinit2.o(.ARM.Collect$$libinit$$00000021)
    .ARM.Collect$$libinit$$00000023          0x000002fa   Section        0  libinit2.o(.ARM.Collect$$libinit$$00000023)
    .ARM.Collect$$libinit$$00000025          0x000002fa   Section        0  libinit2.o(.ARM.Collect$$libinit$$00000025)
    .ARM.Collect$$libinit$$0000002C          0x000002fa   Section        0  libinit2.o(.ARM.Collect$$libinit$$0000002C)
    .ARM.Collect$$libinit$$0000002E          0x000002fa   Section        0  libinit2.o(.ARM.Collect$$libinit$$0000002E)
    .ARM.Collect$$libinit$$00000030          0x000002fa   Section        0  libinit2.o(.ARM.Collect$$libinit$$00000030)
    .ARM.Collect$$libinit$$00000032          0x000002fa   Section        0  libinit2.o(.ARM.Collect$$libinit$$00000032)
    .ARM.Collect$$libinit$$00000033          0x000002fa   Section        2  libinit2.o(.ARM.Collect$$libinit$$00000033)
    .ARM.Collect$$libshutdown$$00000000      0x000002fc   Section        2  libshutdown.o(.ARM.Collect$$libshutdown$$00000000)
    .ARM.Collect$$libshutdown$$00000002      0x000002fe   Section        0  libshutdown2.o(.ARM.Collect$$libshutdown$$00000002)
    .ARM.Collect$$libshutdown$$00000004      0x000002fe   Section        0  libshutdown2.o(.ARM.Collect$$libshutdown$$00000004)
    .ARM.Collect$$libshutdown$$00000007      0x000002fe   Section        0  libshutdown2.o(.ARM.Collect$$libshutdown$$00000007)
    .ARM.Collect$$libshutdown$$0000000A      0x000002fe   Section        0  libshutdown2.o(.ARM.Collect$$libshutdown$$0000000A)
    .ARM.Collect$$libshutdown$$0000000C      0x000002fe   Section        0  libshutdown2.o(.ARM.Collect$$libshutdown$$0000000C)
    .ARM.Collect$$libshutdown$$0000000F      0x000002fe   Section        0  libshutdown2.o(.ARM.Collect$$libshutdown$$0000000F)
    .ARM.Collect$$libshutdown$$00000010      0x000002fe   Section        2  libshutdown2.o(.ARM.Collect$$libshutdown$$00000010)
    .ARM.Collect$$rtentry$$00000000          0x00000300   Section        0  __rtentry.o(.ARM.Collect$$rtentry$$00000000)
    .ARM.Collect$$rtentry$$00000002          0x00000300   Section        0  __rtentry2.o(.ARM.Collect$$rtentry$$00000002)
    .ARM.Collect$$rtentry$$00000004          0x00000300   Section        6  __rtentry4.o(.ARM.Collect$$rtentry$$00000004)
    .ARM.Collect$$rtentry$$00000009          0x00000306   Section        0  __rtentry2.o(.ARM.Collect$$rtentry$$00000009)
    .ARM.Collect$$rtentry$$0000000A          0x00000306   Section        4  __rtentry2.o(.ARM.Collect$$rtentry$$0000000A)
    .ARM.Collect$$rtentry$$0000000C          0x0000030a   Section        0  __rtentry2.o(.ARM.Collect$$rtentry$$0000000C)
    .ARM.Collect$$rtentry$$0000000D          0x0000030a   Section        8  __rtentry2.o(.ARM.Collect$$rtentry$$0000000D)
    .ARM.Collect$$rtexit$$00000000           0x00000312   Section        2  rtexit.o(.ARM.Collect$$rtexit$$00000000)
    .ARM.Collect$$rtexit$$00000002           0x00000314   Section        0  rtexit2.o(.ARM.Collect$$rtexit$$00000002)
    .ARM.Collect$$rtexit$$00000003           0x00000314   Section        4  rtexit2.o(.ARM.Collect$$rtexit$$00000003)
    .ARM.Collect$$rtexit$$00000004           0x00000318   Section        6  rtexit2.o(.ARM.Collect$$rtexit$$00000004)
    $v0                                      0x00000320   Number         0  startup_hc32f460.o(.text)
    .text                                    0x00000320   Section      116  startup_hc32f460.o(.text)
    .text                                    0x00000394   Section        0  heapauxi.o(.text)
    .text                                    0x0000039a   Section       74  sys_stackheap_outer.o(.text)
    .text                                    0x000003e4   Section        0  exit.o(.text)
    .text                                    0x000003f8   Section        8  libspace.o(.text)
    .text                                    0x00000400   Section        0  sys_exit.o(.text)
    .text                                    0x0000040c   Section        2  use_no_semi.o(.text)
    .text                                    0x0000040e   Section        0  indicate_semi.o(.text)
    [Anonymous Symbol]                       0x00000410   Section        0  lto-llvm-252130.o(.text.BusFault_Handler)
    [Anonymous Symbol]                       0x00000418   Section        0  lto-llvm-252130.o(.text.DebugMon_Handler)
    [Anonymous Symbol]                       0x00000420   Section        0  lto-llvm-252130.o(.text.HardFault_Handler)
    [Anonymous Symbol]                       0x00000428   Section        0  lto-llvm-252130.o(.text.IRQ000_Handler)
    [Anonymous Symbol]                       0x0000042c   Section        0  lto-llvm-252130.o(.text.IRQ001_Handler)
    [Anonymous Symbol]                       0x00000430   Section        0  lto-llvm-252130.o(.text.IRQ002_Handler)
    [Anonymous Symbol]                       0x00000434   Section        0  lto-llvm-252130.o(.text.IRQ003_Handler)
    [Anonymous Symbol]                       0x00000438   Section        0  lto-llvm-252130.o(.text.IRQ004_Handler)
    [Anonymous Symbol]                       0x0000043c   Section        0  lto-llvm-252130.o(.text.IRQ005_Handler)
    [Anonymous Symbol]                       0x00000440   Section        0  lto-llvm-252130.o(.text.IRQ006_Handler)
    [Anonymous Symbol]                       0x00000444   Section        0  lto-llvm-252130.o(.text.IRQ007_Handler)
    [Anonymous Symbol]                       0x00000448   Section        0  lto-llvm-252130.o(.text.IRQ008_Handler)
    [Anonymous Symbol]                       0x0000044c   Section        0  lto-llvm-252130.o(.text.IRQ009_Handler)
    [Anonymous Symbol]                       0x00000450   Section        0  lto-llvm-252130.o(.text.IRQ010_Handler)
    [Anonymous Symbol]                       0x00000454   Section        0  lto-llvm-252130.o(.text.IRQ011_Handler)
    [Anonymous Symbol]                       0x00000458   Section        0  lto-llvm-252130.o(.text.IRQ012_Handler)
    [Anonymous Symbol]                       0x0000045c   Section        0  lto-llvm-252130.o(.text.IRQ013_Handler)
    [Anonymous Symbol]                       0x00000460   Section        0  lto-llvm-252130.o(.text.IRQ014_Handler)
    [Anonymous Symbol]                       0x00000464   Section        0  lto-llvm-252130.o(.text.IRQ015_Handler)
    [Anonymous Symbol]                       0x00000468   Section        0  lto-llvm-252130.o(.text.IRQ016_Handler)
    [Anonymous Symbol]                       0x0000046c   Section        0  lto-llvm-252130.o(.text.IRQ017_Handler)
    [Anonymous Symbol]                       0x00000470   Section        0  lto-llvm-252130.o(.text.IRQ018_Handler)
    [Anonymous Symbol]                       0x00000474   Section        0  lto-llvm-252130.o(.text.IRQ019_Handler)
    [Anonymous Symbol]                       0x00000478   Section        0  lto-llvm-252130.o(.text.IRQ020_Handler)
    [Anonymous Symbol]                       0x0000047c   Section        0  lto-llvm-252130.o(.text.IRQ021_Handler)
    [Anonymous Symbol]                       0x00000480   Section        0  lto-llvm-252130.o(.text.IRQ022_Handler)
    [Anonymous Symbol]                       0x00000484   Section        0  lto-llvm-252130.o(.text.IRQ023_Handler)
    [Anonymous Symbol]                       0x00000488   Section        0  lto-llvm-252130.o(.text.IRQ024_Handler)
    [Anonymous Symbol]                       0x0000048c   Section        0  lto-llvm-252130.o(.text.IRQ025_Handler)
    [Anonymous Symbol]                       0x00000490   Section        0  lto-llvm-252130.o(.text.IRQ026_Handler)
    [Anonymous Symbol]                       0x00000494   Section        0  lto-llvm-252130.o(.text.IRQ027_Handler)
    [Anonymous Symbol]                       0x00000498   Section        0  lto-llvm-252130.o(.text.IRQ028_Handler)
    [Anonymous Symbol]                       0x0000049c   Section        0  lto-llvm-252130.o(.text.IRQ029_Handler)
    [Anonymous Symbol]                       0x000004a0   Section        0  lto-llvm-252130.o(.text.IRQ030_Handler)
    [Anonymous Symbol]                       0x000004a4   Section        0  lto-llvm-252130.o(.text.IRQ031_Handler)
    [Anonymous Symbol]                       0x000004a8   Section        0  lto-llvm-252130.o(.text.IRQ032_Handler)
    [Anonymous Symbol]                       0x000004ac   Section        0  lto-llvm-252130.o(.text.IRQ033_Handler)
    [Anonymous Symbol]                       0x000004b0   Section        0  lto-llvm-252130.o(.text.IRQ034_Handler)
    [Anonymous Symbol]                       0x000004b4   Section        0  lto-llvm-252130.o(.text.IRQ035_Handler)
    [Anonymous Symbol]                       0x000004b8   Section        0  lto-llvm-252130.o(.text.IRQ036_Handler)
    [Anonymous Symbol]                       0x000004bc   Section        0  lto-llvm-252130.o(.text.IRQ037_Handler)
    [Anonymous Symbol]                       0x000004c0   Section        0  lto-llvm-252130.o(.text.IRQ038_Handler)
    [Anonymous Symbol]                       0x000004c4   Section        0  lto-llvm-252130.o(.text.IRQ039_Handler)
    [Anonymous Symbol]                       0x000004c8   Section        0  lto-llvm-252130.o(.text.IRQ040_Handler)
    [Anonymous Symbol]                       0x000004cc   Section        0  lto-llvm-252130.o(.text.IRQ041_Handler)
    [Anonymous Symbol]                       0x000004d0   Section        0  lto-llvm-252130.o(.text.IRQ042_Handler)
    [Anonymous Symbol]                       0x000004d4   Section        0  lto-llvm-252130.o(.text.IRQ043_Handler)
    [Anonymous Symbol]                       0x000004d8   Section        0  lto-llvm-252130.o(.text.IRQ044_Handler)
    [Anonymous Symbol]                       0x000004dc   Section        0  lto-llvm-252130.o(.text.IRQ045_Handler)
    [Anonymous Symbol]                       0x000004e0   Section        0  lto-llvm-252130.o(.text.IRQ046_Handler)
    [Anonymous Symbol]                       0x000004e4   Section        0  lto-llvm-252130.o(.text.IRQ047_Handler)
    [Anonymous Symbol]                       0x000004e8   Section        0  lto-llvm-252130.o(.text.IRQ048_Handler)
    [Anonymous Symbol]                       0x000004ec   Section        0  lto-llvm-252130.o(.text.IRQ049_Handler)
    [Anonymous Symbol]                       0x000004f0   Section        0  lto-llvm-252130.o(.text.IRQ050_Handler)
    [Anonymous Symbol]                       0x000004f4   Section        0  lto-llvm-252130.o(.text.IRQ051_Handler)
    [Anonymous Symbol]                       0x000004f8   Section        0  lto-llvm-252130.o(.text.IRQ052_Handler)
    [Anonymous Symbol]                       0x000004fc   Section        0  lto-llvm-252130.o(.text.IRQ053_Handler)
    [Anonymous Symbol]                       0x00000500   Section        0  lto-llvm-252130.o(.text.IRQ054_Handler)
    [Anonymous Symbol]                       0x00000504   Section        0  lto-llvm-252130.o(.text.IRQ055_Handler)
    [Anonymous Symbol]                       0x00000508   Section        0  lto-llvm-252130.o(.text.IRQ056_Handler)
    [Anonymous Symbol]                       0x0000050c   Section        0  lto-llvm-252130.o(.text.IRQ057_Handler)
    [Anonymous Symbol]                       0x00000510   Section        0  lto-llvm-252130.o(.text.IRQ058_Handler)
    [Anonymous Symbol]                       0x00000514   Section        0  lto-llvm-252130.o(.text.IRQ059_Handler)
    [Anonymous Symbol]                       0x00000518   Section        0  lto-llvm-252130.o(.text.IRQ060_Handler)
    [Anonymous Symbol]                       0x0000051c   Section        0  lto-llvm-252130.o(.text.IRQ061_Handler)
    [Anonymous Symbol]                       0x00000520   Section        0  lto-llvm-252130.o(.text.IRQ062_Handler)
    [Anonymous Symbol]                       0x00000524   Section        0  lto-llvm-252130.o(.text.IRQ063_Handler)
    [Anonymous Symbol]                       0x00000528   Section        0  lto-llvm-252130.o(.text.IRQ064_Handler)
    [Anonymous Symbol]                       0x0000052c   Section        0  lto-llvm-252130.o(.text.IRQ065_Handler)
    [Anonymous Symbol]                       0x00000530   Section        0  lto-llvm-252130.o(.text.IRQ066_Handler)
    [Anonymous Symbol]                       0x00000534   Section        0  lto-llvm-252130.o(.text.IRQ067_Handler)
    [Anonymous Symbol]                       0x00000538   Section        0  lto-llvm-252130.o(.text.IRQ068_Handler)
    [Anonymous Symbol]                       0x0000053c   Section        0  lto-llvm-252130.o(.text.IRQ069_Handler)
    [Anonymous Symbol]                       0x00000540   Section        0  lto-llvm-252130.o(.text.IRQ070_Handler)
    [Anonymous Symbol]                       0x00000544   Section        0  lto-llvm-252130.o(.text.IRQ071_Handler)
    [Anonymous Symbol]                       0x00000548   Section        0  lto-llvm-252130.o(.text.IRQ072_Handler)
    [Anonymous Symbol]                       0x0000054c   Section        0  lto-llvm-252130.o(.text.IRQ073_Handler)
    [Anonymous Symbol]                       0x00000550   Section        0  lto-llvm-252130.o(.text.IRQ074_Handler)
    [Anonymous Symbol]                       0x00000554   Section        0  lto-llvm-252130.o(.text.IRQ075_Handler)
    [Anonymous Symbol]                       0x00000558   Section        0  lto-llvm-252130.o(.text.IRQ076_Handler)
    [Anonymous Symbol]                       0x0000055c   Section        0  lto-llvm-252130.o(.text.IRQ077_Handler)
    [Anonymous Symbol]                       0x00000560   Section        0  lto-llvm-252130.o(.text.IRQ078_Handler)
    [Anonymous Symbol]                       0x00000564   Section        0  lto-llvm-252130.o(.text.IRQ079_Handler)
    [Anonymous Symbol]                       0x00000568   Section        0  lto-llvm-252130.o(.text.IRQ080_Handler)
    [Anonymous Symbol]                       0x0000056c   Section        0  lto-llvm-252130.o(.text.IRQ081_Handler)
    [Anonymous Symbol]                       0x00000570   Section        0  lto-llvm-252130.o(.text.IRQ082_Handler)
    [Anonymous Symbol]                       0x00000574   Section        0  lto-llvm-252130.o(.text.IRQ083_Handler)
    [Anonymous Symbol]                       0x00000578   Section        0  lto-llvm-252130.o(.text.IRQ084_Handler)
    [Anonymous Symbol]                       0x0000057c   Section        0  lto-llvm-252130.o(.text.IRQ085_Handler)
    [Anonymous Symbol]                       0x00000580   Section        0  lto-llvm-252130.o(.text.IRQ086_Handler)
    [Anonymous Symbol]                       0x00000584   Section        0  lto-llvm-252130.o(.text.IRQ087_Handler)
    [Anonymous Symbol]                       0x00000588   Section        0  lto-llvm-252130.o(.text.IRQ088_Handler)
    [Anonymous Symbol]                       0x0000058c   Section        0  lto-llvm-252130.o(.text.IRQ089_Handler)
    [Anonymous Symbol]                       0x00000590   Section        0  lto-llvm-252130.o(.text.IRQ090_Handler)
    [Anonymous Symbol]                       0x00000594   Section        0  lto-llvm-252130.o(.text.IRQ091_Handler)
    [Anonymous Symbol]                       0x00000598   Section        0  lto-llvm-252130.o(.text.IRQ092_Handler)
    [Anonymous Symbol]                       0x0000059c   Section        0  lto-llvm-252130.o(.text.IRQ093_Handler)
    [Anonymous Symbol]                       0x000005a0   Section        0  lto-llvm-252130.o(.text.IRQ094_Handler)
    [Anonymous Symbol]                       0x000005a4   Section        0  lto-llvm-252130.o(.text.IRQ095_Handler)
    [Anonymous Symbol]                       0x000005a8   Section        0  lto-llvm-252130.o(.text.IRQ096_Handler)
    [Anonymous Symbol]                       0x000005ac   Section        0  lto-llvm-252130.o(.text.IRQ097_Handler)
    [Anonymous Symbol]                       0x000005b0   Section        0  lto-llvm-252130.o(.text.IRQ098_Handler)
    [Anonymous Symbol]                       0x000005b4   Section        0  lto-llvm-252130.o(.text.IRQ099_Handler)
    [Anonymous Symbol]                       0x000005b8   Section        0  lto-llvm-252130.o(.text.IRQ100_Handler)
    [Anonymous Symbol]                       0x000005bc   Section        0  lto-llvm-252130.o(.text.IRQ101_Handler)
    [Anonymous Symbol]                       0x000005c0   Section        0  lto-llvm-252130.o(.text.IRQ102_Handler)
    [Anonymous Symbol]                       0x000005c4   Section        0  lto-llvm-252130.o(.text.IRQ103_Handler)
    [Anonymous Symbol]                       0x000005c8   Section        0  lto-llvm-252130.o(.text.IRQ104_Handler)
    [Anonymous Symbol]                       0x000005cc   Section        0  lto-llvm-252130.o(.text.IRQ105_Handler)
    [Anonymous Symbol]                       0x000005d0   Section        0  lto-llvm-252130.o(.text.IRQ106_Handler)
    [Anonymous Symbol]                       0x000005d4   Section        0  lto-llvm-252130.o(.text.IRQ107_Handler)
    [Anonymous Symbol]                       0x000005d8   Section        0  lto-llvm-252130.o(.text.IRQ108_Handler)
    [Anonymous Symbol]                       0x000005dc   Section        0  lto-llvm-252130.o(.text.IRQ109_Handler)
    [Anonymous Symbol]                       0x000005e0   Section        0  lto-llvm-252130.o(.text.IRQ110_Handler)
    [Anonymous Symbol]                       0x000005e4   Section        0  lto-llvm-252130.o(.text.IRQ111_Handler)
    [Anonymous Symbol]                       0x000005e8   Section        0  lto-llvm-252130.o(.text.IRQ112_Handler)
    [Anonymous Symbol]                       0x000005ec   Section        0  lto-llvm-252130.o(.text.IRQ113_Handler)
    [Anonymous Symbol]                       0x000005f0   Section        0  lto-llvm-252130.o(.text.IRQ114_Handler)
    [Anonymous Symbol]                       0x000005f4   Section        0  lto-llvm-252130.o(.text.IRQ115_Handler)
    [Anonymous Symbol]                       0x000005f8   Section        0  lto-llvm-252130.o(.text.IRQ116_Handler)
    [Anonymous Symbol]                       0x000005fc   Section        0  lto-llvm-252130.o(.text.IRQ117_Handler)
    [Anonymous Symbol]                       0x00000600   Section        0  lto-llvm-252130.o(.text.IRQ118_Handler)
    [Anonymous Symbol]                       0x00000604   Section        0  lto-llvm-252130.o(.text.IRQ119_Handler)
    [Anonymous Symbol]                       0x00000608   Section        0  lto-llvm-252130.o(.text.IRQ120_Handler)
    [Anonymous Symbol]                       0x0000060c   Section        0  lto-llvm-252130.o(.text.IRQ121_Handler)
    [Anonymous Symbol]                       0x00000610   Section        0  lto-llvm-252130.o(.text.IRQ122_Handler)
    [Anonymous Symbol]                       0x00000614   Section        0  lto-llvm-252130.o(.text.IRQ123_Handler)
    [Anonymous Symbol]                       0x00000618   Section        0  lto-llvm-252130.o(.text.IRQ124_Handler)
    [Anonymous Symbol]                       0x0000061c   Section        0  lto-llvm-252130.o(.text.IRQ125_Handler)
    [Anonymous Symbol]                       0x00000620   Section        0  lto-llvm-252130.o(.text.IRQ126_Handler)
    [Anonymous Symbol]                       0x00000624   Section        0  lto-llvm-252130.o(.text.IRQ127_Handler)
    [Anonymous Symbol]                       0x00000628   Section        0  lto-llvm-252130.o(.text.MemManage_Handler)
    [Anonymous Symbol]                       0x00000630   Section        0  lto-llvm-252130.o(.text.NMI_Handler)
    [Anonymous Symbol]                       0x00000630   Section        0  lto-llvm-252130.o(.text.PendSV_Handler)
    pxCurrentTCBConst                        0x00000690   Number         0  lto-llvm-252130.o(.text.PendSV_Handler)
    [Anonymous Symbol]                       0x000006a0   Section        0  lto-llvm-252130.o(.text.SVC_Handler)
    pxCurrentTCBConst2                       0x000006c0   Number         0  lto-llvm-252130.o(.text.SVC_Handler)
    [Anonymous Symbol]                       0x000006c4   Section        0  lto-llvm-252130.o(.text.SysTick_Handler)
    [Anonymous Symbol]                       0x0000089c   Section        0  lto-llvm-252130.o(.text.SystemInit)
    [Anonymous Symbol]                       0x0000093c   Section        0  lto-llvm-252130.o(.text.UsageFault_Handler)
    [Anonymous Symbol]                       0x00000944   Section        0  lto-llvm-252130.o(.text.main)
    __tagsym$$used.0                         0x00000a08   Number         0  lto-llvm-252130.o(.text.vTaskSwitchContext)
    [Anonymous Symbol]                       0x00000a08   Section        0  lto-llvm-252130.o(.text.vTaskSwitchContext)
    $v0                                      0x00000a8e   Number         0  fpinit.o(x$fpl$fpinit)
    x$fpl$fpinit                             0x00000a8e   Section       26  fpinit.o(x$fpl$fpinit)
    SystemCoreClock                          0x1fff8000   Data           4  lto-llvm-252130.o(.data)
    [Anonymous Symbol]                       0x1fff8000   Section        0  lto-llvm-252130.o(.data)
    .bss                                     0x1fff8008   Section       96  libspace.o(.bss)
    __tagsym$$used.1                         0x1fff8068   Number         0  lto-llvm-252130.o(.bss)
    [Anonymous Symbol]                       0x1fff8068   Section        0  lto-llvm-252130.o(.bss)
    uxSchedulerSuspended                     0x1fff806c   Data           4  lto-llvm-252130.o(.bss)
    xYieldPendings                           0x1fff8070   Data           4  lto-llvm-252130.o(.bss)
    uxTopReadyPriority                       0x1fff8074   Data           4  lto-llvm-252130.o(.bss)
    pxReadyTasksLists                        0x1fff8078   Data         100  lto-llvm-252130.o(.bss)
    pxDelayedTaskList                        0x1fff80dc   Data           4  lto-llvm-252130.o(.bss)
    pxOverflowDelayedTaskList                0x1fff80e0   Data           4  lto-llvm-252130.o(.bss)
    xNextTaskUnblockTime                     0x1fff80e4   Data           4  lto-llvm-252130.o(.bss)
    xTickCount                               0x1fff80e8   Data           4  lto-llvm-252130.o(.bss)
    xPendedTicks                             0x1fff80ec   Data           4  lto-llvm-252130.o(.bss)
    xNumOfOverflows                          0x1fff80f0   Data           4  lto-llvm-252130.o(.bss)
    Heap_Mem                                 0x1fff80f8   Data         512  startup_hc32f460.o(HEAP)
    HEAP                                     0x1fff80f8   Section      512  startup_hc32f460.o(HEAP)
    Stack_Mem                                0x1fff82f8   Data        1024  startup_hc32f460.o(STACK)
    STACK                                    0x1fff82f8   Section     1024  startup_hc32f460.o(STACK)
    __initial_sp                             0x1fff86f8   Data           0  startup_hc32f460.o(STACK)

    Global Symbols

    Symbol Name                              Value     Ov Type        Size  Object(Section)

    BuildAttributes$$THM_ISAv4$E$P$D$K$B$S$7EM$VFPi3$EXTD16$VFPS$VFMA$PE$A:L22UL41UL21$X:L11$S22US41US21$IEEE1$IW$~IW$USESV6$~STKCKD$USESV7$~SHL$OTIME$ROPI$IEEEF$EBA8$UX$STANDARDLIB$REQ8$PRES8$EABIv2 0x00000000   Number         0  anon$$obj.o ABSOLUTE
    __Vectors                                0x00000000   Data           4  startup_hc32f460.o(RESET)
    BusFault_IrqHandler                       - Undefined Weak Reference
    DebugMon_IrqHandler                       - Undefined Weak Reference
    HardFault_IrqHandler                      - Undefined Weak Reference
    MemManage_IrqHandler                      - Undefined Weak Reference
    UsageFault_IrqHandler                     - Undefined Weak Reference
    __ARM_exceptions_init                     - Undefined Weak Reference
    __alloca_initialize                       - Undefined Weak Reference
    __arm_preinit_                            - Undefined Weak Reference
    __cpp_initialize__aeabi_                  - Undefined Weak Reference
    __cxa_finalize                            - Undefined Weak Reference
    __rt_locale                               - Undefined Weak Reference
    __sigvec_lookup                           - Undefined Weak Reference
    _atexit_init                              - Undefined Weak Reference
    _call_atexit_fns                          - Undefined Weak Reference
    _clock_init                               - Undefined Weak Reference
    _fp_trap_init                             - Undefined Weak Reference
    _fp_trap_shutdown                         - Undefined Weak Reference
    _get_lc_collate                           - Undefined Weak Reference
    _get_lc_ctype                             - Undefined Weak Reference
    _get_lc_monetary                          - Undefined Weak Reference
    _get_lc_numeric                           - Undefined Weak Reference
    _get_lc_time                              - Undefined Weak Reference
    _getenv_init                              - Undefined Weak Reference
    _handle_redirection                       - Undefined Weak Reference
    _init_alloc                               - Undefined Weak Reference
    _init_user_alloc                          - Undefined Weak Reference
    _initio                                   - Undefined Weak Reference
    _rand_init                                - Undefined Weak Reference
    _signal_finish                            - Undefined Weak Reference
    _signal_init                              - Undefined Weak Reference
    _terminate_alloc                          - Undefined Weak Reference
    _terminate_user_alloc                     - Undefined Weak Reference
    _terminateio                              - Undefined Weak Reference
    __Vectors_End                            0x00000280   Data           0  startup_hc32f460.o(RESET)
    __Vectors_Size                           0x00000280   Number         0  startup_hc32f460.o ABSOLUTE
    __main                                   0x00000281   Thumb Code     8  __main.o(!!!main)
    __scatterload                            0x00000289   Thumb Code     0  __scatter.o(!!!scatter)
    __scatterload_rt2                        0x00000289   Thumb Code    44  __scatter.o(!!!scatter)
    __scatterload_rt2_thumb_only             0x00000289   Thumb Code     0  __scatter.o(!!!scatter)
    __scatterload_null                       0x00000297   Thumb Code     0  __scatter.o(!!!scatter)
    __scatterload_copy                       0x000002bd   Thumb Code    26  __scatter_copy.o(!!handler_copy)
    __scatterload_zeroinit                   0x000002d9   Thumb Code    28  __scatter_zi.o(!!handler_zi)
    __rt_lib_init                            0x000002f5   Thumb Code     0  libinit.o(.ARM.Collect$$libinit$$00000000)
    __rt_lib_init_fp_1                       0x000002f7   Thumb Code     0  libinit2.o(.ARM.Collect$$libinit$$00000001)
    __rt_lib_init_alloca_1                   0x000002fb   Thumb Code     0  libinit2.o(.ARM.Collect$$libinit$$0000002E)
    __rt_lib_init_argv_1                     0x000002fb   Thumb Code     0  libinit2.o(.ARM.Collect$$libinit$$0000002C)
    __rt_lib_init_atexit_1                   0x000002fb   Thumb Code     0  libinit2.o(.ARM.Collect$$libinit$$0000001B)
    __rt_lib_init_clock_1                    0x000002fb   Thumb Code     0  libinit2.o(.ARM.Collect$$libinit$$00000021)
    __rt_lib_init_cpp_1                      0x000002fb   Thumb Code     0  libinit2.o(.ARM.Collect$$libinit$$00000032)
    __rt_lib_init_exceptions_1               0x000002fb   Thumb Code     0  libinit2.o(.ARM.Collect$$libinit$$00000030)
    __rt_lib_init_fp_trap_1                  0x000002fb   Thumb Code     0  libinit2.o(.ARM.Collect$$libinit$$0000001F)
    __rt_lib_init_getenv_1                   0x000002fb   Thumb Code     0  libinit2.o(.ARM.Collect$$libinit$$00000023)
    __rt_lib_init_heap_1                     0x000002fb   Thumb Code     0  libinit2.o(.ARM.Collect$$libinit$$0000000A)
    __rt_lib_init_lc_collate_1               0x000002fb   Thumb Code     0  libinit2.o(.ARM.Collect$$libinit$$00000011)
    __rt_lib_init_lc_ctype_1                 0x000002fb   Thumb Code     0  libinit2.o(.ARM.Collect$$libinit$$00000013)
    __rt_lib_init_lc_monetary_1              0x000002fb   Thumb Code     0  libinit2.o(.ARM.Collect$$libinit$$00000015)
    __rt_lib_init_lc_numeric_1               0x000002fb   Thumb Code     0  libinit2.o(.ARM.Collect$$libinit$$00000017)
    __rt_lib_init_lc_time_1                  0x000002fb   Thumb Code     0  libinit2.o(.ARM.Collect$$libinit$$00000019)
    __rt_lib_init_preinit_1                  0x000002fb   Thumb Code     0  libinit2.o(.ARM.Collect$$libinit$$00000004)
    __rt_lib_init_rand_1                     0x000002fb   Thumb Code     0  libinit2.o(.ARM.Collect$$libinit$$0000000E)
    __rt_lib_init_return                     0x000002fb   Thumb Code     0  libinit2.o(.ARM.Collect$$libinit$$00000033)
    __rt_lib_init_signal_1                   0x000002fb   Thumb Code     0  libinit2.o(.ARM.Collect$$libinit$$0000001D)
    __rt_lib_init_stdio_1                    0x000002fb   Thumb Code     0  libinit2.o(.ARM.Collect$$libinit$$00000025)
    __rt_lib_init_user_alloc_1               0x000002fb   Thumb Code     0  libinit2.o(.ARM.Collect$$libinit$$0000000C)
    __rt_lib_shutdown                        0x000002fd   Thumb Code     0  libshutdown.o(.ARM.Collect$$libshutdown$$00000000)
    __rt_lib_shutdown_cpp_1                  0x000002ff   Thumb Code     0  libshutdown2.o(.ARM.Collect$$libshutdown$$00000002)
    __rt_lib_shutdown_fp_trap_1              0x000002ff   Thumb Code     0  libshutdown2.o(.ARM.Collect$$libshutdown$$00000007)
    __rt_lib_shutdown_heap_1                 0x000002ff   Thumb Code     0  libshutdown2.o(.ARM.Collect$$libshutdown$$0000000F)
    __rt_lib_shutdown_return                 0x000002ff   Thumb Code     0  libshutdown2.o(.ARM.Collect$$libshutdown$$00000010)
    __rt_lib_shutdown_signal_1               0x000002ff   Thumb Code     0  libshutdown2.o(.ARM.Collect$$libshutdown$$0000000A)
    __rt_lib_shutdown_stdio_1                0x000002ff   Thumb Code     0  libshutdown2.o(.ARM.Collect$$libshutdown$$00000004)
    __rt_lib_shutdown_user_alloc_1           0x000002ff   Thumb Code     0  libshutdown2.o(.ARM.Collect$$libshutdown$$0000000C)
    __rt_entry                               0x00000301   Thumb Code     0  __rtentry.o(.ARM.Collect$$rtentry$$00000000)
    __rt_entry_presh_1                       0x00000301   Thumb Code     0  __rtentry2.o(.ARM.Collect$$rtentry$$00000002)
    __rt_entry_sh                            0x00000301   Thumb Code     0  __rtentry4.o(.ARM.Collect$$rtentry$$00000004)
    __rt_entry_li                            0x00000307   Thumb Code     0  __rtentry2.o(.ARM.Collect$$rtentry$$0000000A)
    __rt_entry_postsh_1                      0x00000307   Thumb Code     0  __rtentry2.o(.ARM.Collect$$rtentry$$00000009)
    __rt_entry_main                          0x0000030b   Thumb Code     0  __rtentry2.o(.ARM.Collect$$rtentry$$0000000D)
    __rt_entry_postli_1                      0x0000030b   Thumb Code     0  __rtentry2.o(.ARM.Collect$$rtentry$$0000000C)
    __rt_exit                                0x00000313   Thumb Code     0  rtexit.o(.ARM.Collect$$rtexit$$00000000)
    __rt_exit_ls                             0x00000315   Thumb Code     0  rtexit2.o(.ARM.Collect$$rtexit$$00000003)
    __rt_exit_prels_1                        0x00000315   Thumb Code     0  rtexit2.o(.ARM.Collect$$rtexit$$00000002)
    __rt_exit_exit                           0x00000319   Thumb Code     0  rtexit2.o(.ARM.Collect$$rtexit$$00000004)
    Reset_Handler                            0x00000321   Thumb Code    48  startup_hc32f460.o(.text)
    IRQ128_Handler                           0x00000363   Thumb Code     0  startup_hc32f460.o(.text)
    IRQ129_Handler                           0x00000363   Thumb Code     0  startup_hc32f460.o(.text)
    IRQ130_Handler                           0x00000363   Thumb Code     0  startup_hc32f460.o(.text)
    IRQ131_Handler                           0x00000363   Thumb Code     0  startup_hc32f460.o(.text)
    IRQ132_Handler                           0x00000363   Thumb Code     0  startup_hc32f460.o(.text)
    IRQ133_Handler                           0x00000363   Thumb Code     0  startup_hc32f460.o(.text)
    IRQ134_Handler                           0x00000363   Thumb Code     0  startup_hc32f460.o(.text)
    IRQ135_Handler                           0x00000363   Thumb Code     0  startup_hc32f460.o(.text)
    IRQ136_Handler                           0x00000363   Thumb Code     0  startup_hc32f460.o(.text)
    IRQ137_Handler                           0x00000363   Thumb Code     0  startup_hc32f460.o(.text)
    IRQ138_Handler                           0x00000363   Thumb Code     0  startup_hc32f460.o(.text)
    IRQ139_Handler                           0x00000363   Thumb Code     0  startup_hc32f460.o(.text)
    IRQ140_Handler                           0x00000363   Thumb Code     0  startup_hc32f460.o(.text)
    IRQ141_Handler                           0x00000363   Thumb Code     0  startup_hc32f460.o(.text)
    IRQ142_Handler                           0x00000363   Thumb Code     0  startup_hc32f460.o(.text)
    IRQ143_Handler                           0x00000363   Thumb Code     0  startup_hc32f460.o(.text)
    __user_initial_stackheap                 0x00000365   Thumb Code    10  startup_hc32f460.o(.text)
    __use_two_region_memory                  0x00000395   Thumb Code     2  heapauxi.o(.text)
    __rt_heap_escrow$2region                 0x00000397   Thumb Code     2  heapauxi.o(.text)
    __rt_heap_expand$2region                 0x00000399   Thumb Code     2  heapauxi.o(.text)
    __user_setup_stackheap                   0x0000039b   Thumb Code    74  sys_stackheap_outer.o(.text)
    exit                                     0x000003e5   Thumb Code    18  exit.o(.text)
    __user_libspace                          0x000003f9   Thumb Code     8  libspace.o(.text)
    __user_perproc_libspace                  0x000003f9   Thumb Code     0  libspace.o(.text)
    __user_perthread_libspace                0x000003f9   Thumb Code     0  libspace.o(.text)
    _sys_exit                                0x00000401   Thumb Code     8  sys_exit.o(.text)
    __I$use$semihosting                      0x0000040d   Thumb Code     0  use_no_semi.o(.text)
    __use_no_semihosting_swi                 0x0000040d   Thumb Code     2  use_no_semi.o(.text)
    __semihosting_library_function           0x0000040f   Thumb Code     0  indicate_semi.o(.text)
    BusFault_Handler                         0x00000411   Thumb Code     8  lto-llvm-252130.o(.text.BusFault_Handler)
    DebugMon_Handler                         0x00000419   Thumb Code     8  lto-llvm-252130.o(.text.DebugMon_Handler)
    HardFault_Handler                        0x00000421   Thumb Code     8  lto-llvm-252130.o(.text.HardFault_Handler)
    IRQ000_Handler                           0x00000429   Thumb Code     2  lto-llvm-252130.o(.text.IRQ000_Handler)
    IRQ001_Handler                           0x0000042d   Thumb Code     2  lto-llvm-252130.o(.text.IRQ001_Handler)
    IRQ002_Handler                           0x00000431   Thumb Code     2  lto-llvm-252130.o(.text.IRQ002_Handler)
    IRQ003_Handler                           0x00000435   Thumb Code     2  lto-llvm-252130.o(.text.IRQ003_Handler)
    IRQ004_Handler                           0x00000439   Thumb Code     2  lto-llvm-252130.o(.text.IRQ004_Handler)
    IRQ005_Handler                           0x0000043d   Thumb Code     2  lto-llvm-252130.o(.text.IRQ005_Handler)
    IRQ006_Handler                           0x00000441   Thumb Code     2  lto-llvm-252130.o(.text.IRQ006_Handler)
    IRQ007_Handler                           0x00000445   Thumb Code     2  lto-llvm-252130.o(.text.IRQ007_Handler)
    IRQ008_Handler                           0x00000449   Thumb Code     2  lto-llvm-252130.o(.text.IRQ008_Handler)
    IRQ009_Handler                           0x0000044d   Thumb Code     2  lto-llvm-252130.o(.text.IRQ009_Handler)
    IRQ010_Handler                           0x00000451   Thumb Code     2  lto-llvm-252130.o(.text.IRQ010_Handler)
    IRQ011_Handler                           0x00000455   Thumb Code     2  lto-llvm-252130.o(.text.IRQ011_Handler)
    IRQ012_Handler                           0x00000459   Thumb Code     2  lto-llvm-252130.o(.text.IRQ012_Handler)
    IRQ013_Handler                           0x0000045d   Thumb Code     2  lto-llvm-252130.o(.text.IRQ013_Handler)
    IRQ014_Handler                           0x00000461   Thumb Code     2  lto-llvm-252130.o(.text.IRQ014_Handler)
    IRQ015_Handler                           0x00000465   Thumb Code     2  lto-llvm-252130.o(.text.IRQ015_Handler)
    IRQ016_Handler                           0x00000469   Thumb Code     2  lto-llvm-252130.o(.text.IRQ016_Handler)
    IRQ017_Handler                           0x0000046d   Thumb Code     2  lto-llvm-252130.o(.text.IRQ017_Handler)
    IRQ018_Handler                           0x00000471   Thumb Code     2  lto-llvm-252130.o(.text.IRQ018_Handler)
    IRQ019_Handler                           0x00000475   Thumb Code     2  lto-llvm-252130.o(.text.IRQ019_Handler)
    IRQ020_Handler                           0x00000479   Thumb Code     2  lto-llvm-252130.o(.text.IRQ020_Handler)
    IRQ021_Handler                           0x0000047d   Thumb Code     2  lto-llvm-252130.o(.text.IRQ021_Handler)
    IRQ022_Handler                           0x00000481   Thumb Code     2  lto-llvm-252130.o(.text.IRQ022_Handler)
    IRQ023_Handler                           0x00000485   Thumb Code     2  lto-llvm-252130.o(.text.IRQ023_Handler)
    IRQ024_Handler                           0x00000489   Thumb Code     2  lto-llvm-252130.o(.text.IRQ024_Handler)
    IRQ025_Handler                           0x0000048d   Thumb Code     2  lto-llvm-252130.o(.text.IRQ025_Handler)
    IRQ026_Handler                           0x00000491   Thumb Code     2  lto-llvm-252130.o(.text.IRQ026_Handler)
    IRQ027_Handler                           0x00000495   Thumb Code     2  lto-llvm-252130.o(.text.IRQ027_Handler)
    IRQ028_Handler                           0x00000499   Thumb Code     2  lto-llvm-252130.o(.text.IRQ028_Handler)
    IRQ029_Handler                           0x0000049d   Thumb Code     2  lto-llvm-252130.o(.text.IRQ029_Handler)
    IRQ030_Handler                           0x000004a1   Thumb Code     2  lto-llvm-252130.o(.text.IRQ030_Handler)
    IRQ031_Handler                           0x000004a5   Thumb Code     2  lto-llvm-252130.o(.text.IRQ031_Handler)
    IRQ032_Handler                           0x000004a9   Thumb Code     2  lto-llvm-252130.o(.text.IRQ032_Handler)
    IRQ033_Handler                           0x000004ad   Thumb Code     2  lto-llvm-252130.o(.text.IRQ033_Handler)
    IRQ034_Handler                           0x000004b1   Thumb Code     2  lto-llvm-252130.o(.text.IRQ034_Handler)
    IRQ035_Handler                           0x000004b5   Thumb Code     2  lto-llvm-252130.o(.text.IRQ035_Handler)
    IRQ036_Handler                           0x000004b9   Thumb Code     2  lto-llvm-252130.o(.text.IRQ036_Handler)
    IRQ037_Handler                           0x000004bd   Thumb Code     2  lto-llvm-252130.o(.text.IRQ037_Handler)
    IRQ038_Handler                           0x000004c1   Thumb Code     2  lto-llvm-252130.o(.text.IRQ038_Handler)
    IRQ039_Handler                           0x000004c5   Thumb Code     2  lto-llvm-252130.o(.text.IRQ039_Handler)
    IRQ040_Handler                           0x000004c9   Thumb Code     2  lto-llvm-252130.o(.text.IRQ040_Handler)
    IRQ041_Handler                           0x000004cd   Thumb Code     2  lto-llvm-252130.o(.text.IRQ041_Handler)
    IRQ042_Handler                           0x000004d1   Thumb Code     2  lto-llvm-252130.o(.text.IRQ042_Handler)
    IRQ043_Handler                           0x000004d5   Thumb Code     2  lto-llvm-252130.o(.text.IRQ043_Handler)
    IRQ044_Handler                           0x000004d9   Thumb Code     2  lto-llvm-252130.o(.text.IRQ044_Handler)
    IRQ045_Handler                           0x000004dd   Thumb Code     2  lto-llvm-252130.o(.text.IRQ045_Handler)
    IRQ046_Handler                           0x000004e1   Thumb Code     2  lto-llvm-252130.o(.text.IRQ046_Handler)
    IRQ047_Handler                           0x000004e5   Thumb Code     2  lto-llvm-252130.o(.text.IRQ047_Handler)
    IRQ048_Handler                           0x000004e9   Thumb Code     2  lto-llvm-252130.o(.text.IRQ048_Handler)
    IRQ049_Handler                           0x000004ed   Thumb Code     2  lto-llvm-252130.o(.text.IRQ049_Handler)
    IRQ050_Handler                           0x000004f1   Thumb Code     2  lto-llvm-252130.o(.text.IRQ050_Handler)
    IRQ051_Handler                           0x000004f5   Thumb Code     2  lto-llvm-252130.o(.text.IRQ051_Handler)
    IRQ052_Handler                           0x000004f9   Thumb Code     2  lto-llvm-252130.o(.text.IRQ052_Handler)
    IRQ053_Handler                           0x000004fd   Thumb Code     2  lto-llvm-252130.o(.text.IRQ053_Handler)
    IRQ054_Handler                           0x00000501   Thumb Code     2  lto-llvm-252130.o(.text.IRQ054_Handler)
    IRQ055_Handler                           0x00000505   Thumb Code     2  lto-llvm-252130.o(.text.IRQ055_Handler)
    IRQ056_Handler                           0x00000509   Thumb Code     2  lto-llvm-252130.o(.text.IRQ056_Handler)
    IRQ057_Handler                           0x0000050d   Thumb Code     2  lto-llvm-252130.o(.text.IRQ057_Handler)
    IRQ058_Handler                           0x00000511   Thumb Code     2  lto-llvm-252130.o(.text.IRQ058_Handler)
    IRQ059_Handler                           0x00000515   Thumb Code     2  lto-llvm-252130.o(.text.IRQ059_Handler)
    IRQ060_Handler                           0x00000519   Thumb Code     2  lto-llvm-252130.o(.text.IRQ060_Handler)
    IRQ061_Handler                           0x0000051d   Thumb Code     2  lto-llvm-252130.o(.text.IRQ061_Handler)
    IRQ062_Handler                           0x00000521   Thumb Code     2  lto-llvm-252130.o(.text.IRQ062_Handler)
    IRQ063_Handler                           0x00000525   Thumb Code     2  lto-llvm-252130.o(.text.IRQ063_Handler)
    IRQ064_Handler                           0x00000529   Thumb Code     2  lto-llvm-252130.o(.text.IRQ064_Handler)
    IRQ065_Handler                           0x0000052d   Thumb Code     2  lto-llvm-252130.o(.text.IRQ065_Handler)
    IRQ066_Handler                           0x00000531   Thumb Code     2  lto-llvm-252130.o(.text.IRQ066_Handler)
    IRQ067_Handler                           0x00000535   Thumb Code     2  lto-llvm-252130.o(.text.IRQ067_Handler)
    IRQ068_Handler                           0x00000539   Thumb Code     2  lto-llvm-252130.o(.text.IRQ068_Handler)
    IRQ069_Handler                           0x0000053d   Thumb Code     2  lto-llvm-252130.o(.text.IRQ069_Handler)
    IRQ070_Handler                           0x00000541   Thumb Code     2  lto-llvm-252130.o(.text.IRQ070_Handler)
    IRQ071_Handler                           0x00000545   Thumb Code     2  lto-llvm-252130.o(.text.IRQ071_Handler)
    IRQ072_Handler                           0x00000549   Thumb Code     2  lto-llvm-252130.o(.text.IRQ072_Handler)
    IRQ073_Handler                           0x0000054d   Thumb Code     2  lto-llvm-252130.o(.text.IRQ073_Handler)
    IRQ074_Handler                           0x00000551   Thumb Code     2  lto-llvm-252130.o(.text.IRQ074_Handler)
    IRQ075_Handler                           0x00000555   Thumb Code     2  lto-llvm-252130.o(.text.IRQ075_Handler)
    IRQ076_Handler                           0x00000559   Thumb Code     2  lto-llvm-252130.o(.text.IRQ076_Handler)
    IRQ077_Handler                           0x0000055d   Thumb Code     2  lto-llvm-252130.o(.text.IRQ077_Handler)
    IRQ078_Handler                           0x00000561   Thumb Code     2  lto-llvm-252130.o(.text.IRQ078_Handler)
    IRQ079_Handler                           0x00000565   Thumb Code     2  lto-llvm-252130.o(.text.IRQ079_Handler)
    IRQ080_Handler                           0x00000569   Thumb Code     2  lto-llvm-252130.o(.text.IRQ080_Handler)
    IRQ081_Handler                           0x0000056d   Thumb Code     2  lto-llvm-252130.o(.text.IRQ081_Handler)
    IRQ082_Handler                           0x00000571   Thumb Code     2  lto-llvm-252130.o(.text.IRQ082_Handler)
    IRQ083_Handler                           0x00000575   Thumb Code     2  lto-llvm-252130.o(.text.IRQ083_Handler)
    IRQ084_Handler                           0x00000579   Thumb Code     2  lto-llvm-252130.o(.text.IRQ084_Handler)
    IRQ085_Handler                           0x0000057d   Thumb Code     2  lto-llvm-252130.o(.text.IRQ085_Handler)
    IRQ086_Handler                           0x00000581   Thumb Code     2  lto-llvm-252130.o(.text.IRQ086_Handler)
    IRQ087_Handler                           0x00000585   Thumb Code     2  lto-llvm-252130.o(.text.IRQ087_Handler)
    IRQ088_Handler                           0x00000589   Thumb Code     2  lto-llvm-252130.o(.text.IRQ088_Handler)
    IRQ089_Handler                           0x0000058d   Thumb Code     2  lto-llvm-252130.o(.text.IRQ089_Handler)
    IRQ090_Handler                           0x00000591   Thumb Code     2  lto-llvm-252130.o(.text.IRQ090_Handler)
    IRQ091_Handler                           0x00000595   Thumb Code     2  lto-llvm-252130.o(.text.IRQ091_Handler)
    IRQ092_Handler                           0x00000599   Thumb Code     2  lto-llvm-252130.o(.text.IRQ092_Handler)
    IRQ093_Handler                           0x0000059d   Thumb Code     2  lto-llvm-252130.o(.text.IRQ093_Handler)
    IRQ094_Handler                           0x000005a1   Thumb Code     2  lto-llvm-252130.o(.text.IRQ094_Handler)
    IRQ095_Handler                           0x000005a5   Thumb Code     2  lto-llvm-252130.o(.text.IRQ095_Handler)
    IRQ096_Handler                           0x000005a9   Thumb Code     2  lto-llvm-252130.o(.text.IRQ096_Handler)
    IRQ097_Handler                           0x000005ad   Thumb Code     2  lto-llvm-252130.o(.text.IRQ097_Handler)
    IRQ098_Handler                           0x000005b1   Thumb Code     2  lto-llvm-252130.o(.text.IRQ098_Handler)
    IRQ099_Handler                           0x000005b5   Thumb Code     2  lto-llvm-252130.o(.text.IRQ099_Handler)
    IRQ100_Handler                           0x000005b9   Thumb Code     2  lto-llvm-252130.o(.text.IRQ100_Handler)
    IRQ101_Handler                           0x000005bd   Thumb Code     2  lto-llvm-252130.o(.text.IRQ101_Handler)
    IRQ102_Handler                           0x000005c1   Thumb Code     2  lto-llvm-252130.o(.text.IRQ102_Handler)
    IRQ103_Handler                           0x000005c5   Thumb Code     2  lto-llvm-252130.o(.text.IRQ103_Handler)
    IRQ104_Handler                           0x000005c9   Thumb Code     2  lto-llvm-252130.o(.text.IRQ104_Handler)
    IRQ105_Handler                           0x000005cd   Thumb Code     2  lto-llvm-252130.o(.text.IRQ105_Handler)
    IRQ106_Handler                           0x000005d1   Thumb Code     2  lto-llvm-252130.o(.text.IRQ106_Handler)
    IRQ107_Handler                           0x000005d5   Thumb Code     2  lto-llvm-252130.o(.text.IRQ107_Handler)
    IRQ108_Handler                           0x000005d9   Thumb Code     2  lto-llvm-252130.o(.text.IRQ108_Handler)
    IRQ109_Handler                           0x000005dd   Thumb Code     2  lto-llvm-252130.o(.text.IRQ109_Handler)
    IRQ110_Handler                           0x000005e1   Thumb Code     2  lto-llvm-252130.o(.text.IRQ110_Handler)
    IRQ111_Handler                           0x000005e5   Thumb Code     2  lto-llvm-252130.o(.text.IRQ111_Handler)
    IRQ112_Handler                           0x000005e9   Thumb Code     2  lto-llvm-252130.o(.text.IRQ112_Handler)
    IRQ113_Handler                           0x000005ed   Thumb Code     2  lto-llvm-252130.o(.text.IRQ113_Handler)
    IRQ114_Handler                           0x000005f1   Thumb Code     2  lto-llvm-252130.o(.text.IRQ114_Handler)
    IRQ115_Handler                           0x000005f5   Thumb Code     2  lto-llvm-252130.o(.text.IRQ115_Handler)
    IRQ116_Handler                           0x000005f9   Thumb Code     2  lto-llvm-252130.o(.text.IRQ116_Handler)
    IRQ117_Handler                           0x000005fd   Thumb Code     2  lto-llvm-252130.o(.text.IRQ117_Handler)
    IRQ118_Handler                           0x00000601   Thumb Code     2  lto-llvm-252130.o(.text.IRQ118_Handler)
    IRQ119_Handler                           0x00000605   Thumb Code     2  lto-llvm-252130.o(.text.IRQ119_Handler)
    IRQ120_Handler                           0x00000609   Thumb Code     2  lto-llvm-252130.o(.text.IRQ120_Handler)
    IRQ121_Handler                           0x0000060d   Thumb Code     2  lto-llvm-252130.o(.text.IRQ121_Handler)
    IRQ122_Handler                           0x00000611   Thumb Code     2  lto-llvm-252130.o(.text.IRQ122_Handler)
    IRQ123_Handler                           0x00000615   Thumb Code     2  lto-llvm-252130.o(.text.IRQ123_Handler)
    IRQ124_Handler                           0x00000619   Thumb Code     2  lto-llvm-252130.o(.text.IRQ124_Handler)
    IRQ125_Handler                           0x0000061d   Thumb Code     2  lto-llvm-252130.o(.text.IRQ125_Handler)
    IRQ126_Handler                           0x00000621   Thumb Code     2  lto-llvm-252130.o(.text.IRQ126_Handler)
    IRQ127_Handler                           0x00000625   Thumb Code     2  lto-llvm-252130.o(.text.IRQ127_Handler)
    MemManage_Handler                        0x00000629   Thumb Code     8  lto-llvm-252130.o(.text.MemManage_Handler)
    NMI_Handler                              0x00000631   Thumb Code     0  lto-llvm-252130.o(.text.NMI_Handler)
    PendSV_Handler                           0x00000631   Thumb Code   100  lto-llvm-252130.o(.text.PendSV_Handler)
    SVC_Handler                              0x000006a1   Thumb Code    36  lto-llvm-252130.o(.text.SVC_Handler)
    SysTick_Handler                          0x000006c5   Thumb Code   472  lto-llvm-252130.o(.text.SysTick_Handler)
    SystemInit                               0x0000089d   Thumb Code   160  lto-llvm-252130.o(.text.SystemInit)
    UsageFault_Handler                       0x0000093d   Thumb Code     8  lto-llvm-252130.o(.text.UsageFault_Handler)
    main                                     0x00000945   Thumb Code   194  lto-llvm-252130.o(.text.main)
    vTaskSwitchContext                       0x00000a09   Thumb Code   134  lto-llvm-252130.o(.text.vTaskSwitchContext)
    _fp_init                                 0x00000a8f   Thumb Code    26  fpinit.o(x$fpl$fpinit)
    __fplib_config_fpu_vfp                   0x00000aa7   Thumb Code     0  fpinit.o(x$fpl$fpinit)
    __fplib_config_pureend_doubles           0x00000aa7   Thumb Code     0  fpinit.o(x$fpl$fpinit)
    Region$$Table$$Base                      0x00000aa8   Number         0  anon$$obj.o(Region$$Table)
    Region$$Table$$Limit                     0x00000ac8   Number         0  anon$$obj.o(Region$$Table)
    __libspace_start                         0x1fff8008   Data          96  libspace.o(.bss)
    __temporary_stack_top$libspace           0x1fff8068   Data           0  libspace.o(.bss)
    pxCurrentTCB                             0x1fff8068   Data           4  lto-llvm-252130.o(.bss)



==============================================================================

Memory Map of the image

  Image Entry point : 0x00000281

  Load Region LR_IROM1 (Base: 0x00000000, Size: 0x00000ad0, Max: 0x00080000, ABSOLUTE)

    Execution Region ER_IROM1 (Exec base: 0x00000000, Load base: 0x00000000, Size: 0x00000ac8, Max: 0x00080000, ABSOLUTE)

    Exec Addr    Load Addr    Size         Type   Attr      Idx    E Section Name        Object

    0x00000000   0x00000000   0x00000280   Data   RO            4    RESET               startup_hc32f460.o
    0x00000280   0x00000280   0x00000008   Code   RO           49  * !!!main             c_w.l(__main.o)
    0x00000288   0x00000288   0x00000034   Code   RO          503    !!!scatter          c_w.l(__scatter.o)
    0x000002bc   0x000002bc   0x0000001a   Code   RO          505    !!handler_copy      c_w.l(__scatter_copy.o)
    0x000002d6   0x000002d6   0x00000002   PAD
    0x000002d8   0x000002d8   0x0000001c   Code   RO          507    !!handler_zi        c_w.l(__scatter_zi.o)
    0x000002f4   0x000002f4   0x00000002   Code   RO           76    .ARM.Collect$$libinit$$00000000  c_w.l(libinit.o)
    0x000002f6   0x000002f6   0x00000004   Code   RO           82    .ARM.Collect$$libinit$$00000001  c_w.l(libinit2.o)
    0x000002fa   0x000002fa   0x00000000   Code   RO           85    .ARM.Collect$$libinit$$00000004  c_w.l(libinit2.o)
    0x000002fa   0x000002fa   0x00000000   Code   RO           88    .ARM.Collect$$libinit$$0000000A  c_w.l(libinit2.o)
    0x000002fa   0x000002fa   0x00000000   Code   RO           90    .ARM.Collect$$libinit$$0000000C  c_w.l(libinit2.o)
    0x000002fa   0x000002fa   0x00000000   Code   RO           92    .ARM.Collect$$libinit$$0000000E  c_w.l(libinit2.o)
    0x000002fa   0x000002fa   0x00000000   Code   RO           95    .ARM.Collect$$libinit$$00000011  c_w.l(libinit2.o)
    0x000002fa   0x000002fa   0x00000000   Code   RO           97    .ARM.Collect$$libinit$$00000013  c_w.l(libinit2.o)
    0x000002fa   0x000002fa   0x00000000   Code   RO           99    .ARM.Collect$$libinit$$00000015  c_w.l(libinit2.o)
    0x000002fa   0x000002fa   0x00000000   Code   RO          101    .ARM.Collect$$libinit$$00000017  c_w.l(libinit2.o)
    0x000002fa   0x000002fa   0x00000000   Code   RO          103    .ARM.Collect$$libinit$$00000019  c_w.l(libinit2.o)
    0x000002fa   0x000002fa   0x00000000   Code   RO          105    .ARM.Collect$$libinit$$0000001B  c_w.l(libinit2.o)
    0x000002fa   0x000002fa   0x00000000   Code   RO          107    .ARM.Collect$$libinit$$0000001D  c_w.l(libinit2.o)
    0x000002fa   0x000002fa   0x00000000   Code   RO          109    .ARM.Collect$$libinit$$0000001F  c_w.l(libinit2.o)
    0x000002fa   0x000002fa   0x00000000   Code   RO          111    .ARM.Collect$$libinit$$00000021  c_w.l(libinit2.o)
    0x000002fa   0x000002fa   0x00000000   Code   RO          113    .ARM.Collect$$libinit$$00000023  c_w.l(libinit2.o)
    0x000002fa   0x000002fa   0x00000000   Code   RO          115    .ARM.Collect$$libinit$$00000025  c_w.l(libinit2.o)
    0x000002fa   0x000002fa   0x00000000   Code   RO          119    .ARM.Collect$$libinit$$0000002C  c_w.l(libinit2.o)
    0x000002fa   0x000002fa   0x00000000   Code   RO          121    .ARM.Collect$$libinit$$0000002E  c_w.l(libinit2.o)
    0x000002fa   0x000002fa   0x00000000   Code   RO          123    .ARM.Collect$$libinit$$00000030  c_w.l(libinit2.o)
    0x000002fa   0x000002fa   0x00000000   Code   RO          125    .ARM.Collect$$libinit$$00000032  c_w.l(libinit2.o)
    0x000002fa   0x000002fa   0x00000002   Code   RO          126    .ARM.Collect$$libinit$$00000033  c_w.l(libinit2.o)
    0x000002fc   0x000002fc   0x00000002   Code   RO          148    .ARM.Collect$$libshutdown$$00000000  c_w.l(libshutdown.o)
    0x000002fe   0x000002fe   0x00000000   Code   RO          163    .ARM.Collect$$libshutdown$$00000002  c_w.l(libshutdown2.o)
    0x000002fe   0x000002fe   0x00000000   Code   RO          165    .ARM.Collect$$libshutdown$$00000004  c_w.l(libshutdown2.o)
    0x000002fe   0x000002fe   0x00000000   Code   RO          168    .ARM.Collect$$libshutdown$$00000007  c_w.l(libshutdown2.o)
    0x000002fe   0x000002fe   0x00000000   Code   RO          171    .ARM.Collect$$libshutdown$$0000000A  c_w.l(libshutdown2.o)
    0x000002fe   0x000002fe   0x00000000   Code   RO          173    .ARM.Collect$$libshutdown$$0000000C  c_w.l(libshutdown2.o)
    0x000002fe   0x000002fe   0x00000000   Code   RO          176    .ARM.Collect$$libshutdown$$0000000F  c_w.l(libshutdown2.o)
    0x000002fe   0x000002fe   0x00000002   Code   RO          177    .ARM.Collect$$libshutdown$$00000010  c_w.l(libshutdown2.o)
    0x00000300   0x00000300   0x00000000   Code   RO           51    .ARM.Collect$$rtentry$$00000000  c_w.l(__rtentry.o)
    0x00000300   0x00000300   0x00000000   Code   RO           53    .ARM.Collect$$rtentry$$00000002  c_w.l(__rtentry2.o)
    0x00000300   0x00000300   0x00000006   Code   RO           65    .ARM.Collect$$rtentry$$00000004  c_w.l(__rtentry4.o)
    0x00000306   0x00000306   0x00000000   Code   RO           55    .ARM.Collect$$rtentry$$00000009  c_w.l(__rtentry2.o)
    0x00000306   0x00000306   0x00000004   Code   RO           56    .ARM.Collect$$rtentry$$0000000A  c_w.l(__rtentry2.o)
    0x0000030a   0x0000030a   0x00000000   Code   RO           58    .ARM.Collect$$rtentry$$0000000C  c_w.l(__rtentry2.o)
    0x0000030a   0x0000030a   0x00000008   Code   RO           59    .ARM.Collect$$rtentry$$0000000D  c_w.l(__rtentry2.o)
    0x00000312   0x00000312   0x00000002   Code   RO           80    .ARM.Collect$$rtexit$$00000000  c_w.l(rtexit.o)
    0x00000314   0x00000314   0x00000000   Code   RO          128    .ARM.Collect$$rtexit$$00000002  c_w.l(rtexit2.o)
    0x00000314   0x00000314   0x00000004   Code   RO          129    .ARM.Collect$$rtexit$$00000003  c_w.l(rtexit2.o)
    0x00000318   0x00000318   0x00000006   Code   RO          130    .ARM.Collect$$rtexit$$00000004  c_w.l(rtexit2.o)
    0x0000031e   0x0000031e   0x00000002   PAD
    0x00000320   0x00000320   0x00000074   Code   RO            5    .text               startup_hc32f460.o
    0x00000394   0x00000394   0x00000006   Code   RO           47    .text               c_w.l(heapauxi.o)
    0x0000039a   0x0000039a   0x0000004a   Code   RO           67    .text               c_w.l(sys_stackheap_outer.o)
    0x000003e4   0x000003e4   0x00000012   Code   RO           69    .text               c_w.l(exit.o)
    0x000003f6   0x000003f6   0x00000002   PAD
    0x000003f8   0x000003f8   0x00000008   Code   RO           77    .text               c_w.l(libspace.o)
    0x00000400   0x00000400   0x0000000c   Code   RO          138    .text               c_w.l(sys_exit.o)
    0x0000040c   0x0000040c   0x00000002   Code   RO          153    .text               c_w.l(use_no_semi.o)
    0x0000040e   0x0000040e   0x00000000   Code   RO          155    .text               c_w.l(indicate_semi.o)
    0x0000040e   0x0000040e   0x00000002   PAD
    0x00000410   0x00000410   0x00000008   Code   RO          221    .text.BusFault_Handler  lto-llvm-252130.o
    0x00000418   0x00000418   0x00000008   Code   RO          225    .text.DebugMon_Handler  lto-llvm-252130.o
    0x00000420   0x00000420   0x00000008   Code   RO          217    .text.HardFault_Handler  lto-llvm-252130.o
    0x00000428   0x00000428   0x00000002   Code   RO          227    .text.IRQ000_Handler  lto-llvm-252130.o
    0x0000042a   0x0000042a   0x00000002   PAD
    0x0000042c   0x0000042c   0x00000002   Code   RO          229    .text.IRQ001_Handler  lto-llvm-252130.o
    0x0000042e   0x0000042e   0x00000002   PAD
    0x00000430   0x00000430   0x00000002   Code   RO          231    .text.IRQ002_Handler  lto-llvm-252130.o
    0x00000432   0x00000432   0x00000002   PAD
    0x00000434   0x00000434   0x00000002   Code   RO          233    .text.IRQ003_Handler  lto-llvm-252130.o
    0x00000436   0x00000436   0x00000002   PAD
    0x00000438   0x00000438   0x00000002   Code   RO          235    .text.IRQ004_Handler  lto-llvm-252130.o
    0x0000043a   0x0000043a   0x00000002   PAD
    0x0000043c   0x0000043c   0x00000002   Code   RO          237    .text.IRQ005_Handler  lto-llvm-252130.o
    0x0000043e   0x0000043e   0x00000002   PAD
    0x00000440   0x00000440   0x00000002   Code   RO          239    .text.IRQ006_Handler  lto-llvm-252130.o
    0x00000442   0x00000442   0x00000002   PAD
    0x00000444   0x00000444   0x00000002   Code   RO          241    .text.IRQ007_Handler  lto-llvm-252130.o
    0x00000446   0x00000446   0x00000002   PAD
    0x00000448   0x00000448   0x00000002   Code   RO          243    .text.IRQ008_Handler  lto-llvm-252130.o
    0x0000044a   0x0000044a   0x00000002   PAD
    0x0000044c   0x0000044c   0x00000002   Code   RO          245    .text.IRQ009_Handler  lto-llvm-252130.o
    0x0000044e   0x0000044e   0x00000002   PAD
    0x00000450   0x00000450   0x00000002   Code   RO          247    .text.IRQ010_Handler  lto-llvm-252130.o
    0x00000452   0x00000452   0x00000002   PAD
    0x00000454   0x00000454   0x00000002   Code   RO          249    .text.IRQ011_Handler  lto-llvm-252130.o
    0x00000456   0x00000456   0x00000002   PAD
    0x00000458   0x00000458   0x00000002   Code   RO          251    .text.IRQ012_Handler  lto-llvm-252130.o
    0x0000045a   0x0000045a   0x00000002   PAD
    0x0000045c   0x0000045c   0x00000002   Code   RO          253    .text.IRQ013_Handler  lto-llvm-252130.o
    0x0000045e   0x0000045e   0x00000002   PAD
    0x00000460   0x00000460   0x00000002   Code   RO          255    .text.IRQ014_Handler  lto-llvm-252130.o
    0x00000462   0x00000462   0x00000002   PAD
    0x00000464   0x00000464   0x00000002   Code   RO          257    .text.IRQ015_Handler  lto-llvm-252130.o
    0x00000466   0x00000466   0x00000002   PAD
    0x00000468   0x00000468   0x00000002   Code   RO          259    .text.IRQ016_Handler  lto-llvm-252130.o
    0x0000046a   0x0000046a   0x00000002   PAD
    0x0000046c   0x0000046c   0x00000002   Code   RO          261    .text.IRQ017_Handler  lto-llvm-252130.o
    0x0000046e   0x0000046e   0x00000002   PAD
    0x00000470   0x00000470   0x00000002   Code   RO          263    .text.IRQ018_Handler  lto-llvm-252130.o
    0x00000472   0x00000472   0x00000002   PAD
    0x00000474   0x00000474   0x00000002   Code   RO          265    .text.IRQ019_Handler  lto-llvm-252130.o
    0x00000476   0x00000476   0x00000002   PAD
    0x00000478   0x00000478   0x00000002   Code   RO          267    .text.IRQ020_Handler  lto-llvm-252130.o
    0x0000047a   0x0000047a   0x00000002   PAD
    0x0000047c   0x0000047c   0x00000002   Code   RO          269    .text.IRQ021_Handler  lto-llvm-252130.o
    0x0000047e   0x0000047e   0x00000002   PAD
    0x00000480   0x00000480   0x00000002   Code   RO          271    .text.IRQ022_Handler  lto-llvm-252130.o
    0x00000482   0x00000482   0x00000002   PAD
    0x00000484   0x00000484   0x00000002   Code   RO          273    .text.IRQ023_Handler  lto-llvm-252130.o
    0x00000486   0x00000486   0x00000002   PAD
    0x00000488   0x00000488   0x00000002   Code   RO          275    .text.IRQ024_Handler  lto-llvm-252130.o
    0x0000048a   0x0000048a   0x00000002   PAD
    0x0000048c   0x0000048c   0x00000002   Code   RO          277    .text.IRQ025_Handler  lto-llvm-252130.o
    0x0000048e   0x0000048e   0x00000002   PAD
    0x00000490   0x00000490   0x00000002   Code   RO          279    .text.IRQ026_Handler  lto-llvm-252130.o
    0x00000492   0x00000492   0x00000002   PAD
    0x00000494   0x00000494   0x00000002   Code   RO          281    .text.IRQ027_Handler  lto-llvm-252130.o
    0x00000496   0x00000496   0x00000002   PAD
    0x00000498   0x00000498   0x00000002   Code   RO          283    .text.IRQ028_Handler  lto-llvm-252130.o
    0x0000049a   0x0000049a   0x00000002   PAD
    0x0000049c   0x0000049c   0x00000002   Code   RO          285    .text.IRQ029_Handler  lto-llvm-252130.o
    0x0000049e   0x0000049e   0x00000002   PAD
    0x000004a0   0x000004a0   0x00000002   Code   RO          287    .text.IRQ030_Handler  lto-llvm-252130.o
    0x000004a2   0x000004a2   0x00000002   PAD
    0x000004a4   0x000004a4   0x00000002   Code   RO          289    .text.IRQ031_Handler  lto-llvm-252130.o
    0x000004a6   0x000004a6   0x00000002   PAD
    0x000004a8   0x000004a8   0x00000002   Code   RO          291    .text.IRQ032_Handler  lto-llvm-252130.o
    0x000004aa   0x000004aa   0x00000002   PAD
    0x000004ac   0x000004ac   0x00000002   Code   RO          293    .text.IRQ033_Handler  lto-llvm-252130.o
    0x000004ae   0x000004ae   0x00000002   PAD
    0x000004b0   0x000004b0   0x00000002   Code   RO          295    .text.IRQ034_Handler  lto-llvm-252130.o
    0x000004b2   0x000004b2   0x00000002   PAD
    0x000004b4   0x000004b4   0x00000002   Code   RO          297    .text.IRQ035_Handler  lto-llvm-252130.o
    0x000004b6   0x000004b6   0x00000002   PAD
    0x000004b8   0x000004b8   0x00000002   Code   RO          299    .text.IRQ036_Handler  lto-llvm-252130.o
    0x000004ba   0x000004ba   0x00000002   PAD
    0x000004bc   0x000004bc   0x00000002   Code   RO          301    .text.IRQ037_Handler  lto-llvm-252130.o
    0x000004be   0x000004be   0x00000002   PAD
    0x000004c0   0x000004c0   0x00000002   Code   RO          303    .text.IRQ038_Handler  lto-llvm-252130.o
    0x000004c2   0x000004c2   0x00000002   PAD
    0x000004c4   0x000004c4   0x00000002   Code   RO          305    .text.IRQ039_Handler  lto-llvm-252130.o
    0x000004c6   0x000004c6   0x00000002   PAD
    0x000004c8   0x000004c8   0x00000002   Code   RO          307    .text.IRQ040_Handler  lto-llvm-252130.o
    0x000004ca   0x000004ca   0x00000002   PAD
    0x000004cc   0x000004cc   0x00000002   Code   RO          309    .text.IRQ041_Handler  lto-llvm-252130.o
    0x000004ce   0x000004ce   0x00000002   PAD
    0x000004d0   0x000004d0   0x00000002   Code   RO          311    .text.IRQ042_Handler  lto-llvm-252130.o
    0x000004d2   0x000004d2   0x00000002   PAD
    0x000004d4   0x000004d4   0x00000002   Code   RO          313    .text.IRQ043_Handler  lto-llvm-252130.o
    0x000004d6   0x000004d6   0x00000002   PAD
    0x000004d8   0x000004d8   0x00000002   Code   RO          315    .text.IRQ044_Handler  lto-llvm-252130.o
    0x000004da   0x000004da   0x00000002   PAD
    0x000004dc   0x000004dc   0x00000002   Code   RO          317    .text.IRQ045_Handler  lto-llvm-252130.o
    0x000004de   0x000004de   0x00000002   PAD
    0x000004e0   0x000004e0   0x00000002   Code   RO          319    .text.IRQ046_Handler  lto-llvm-252130.o
    0x000004e2   0x000004e2   0x00000002   PAD
    0x000004e4   0x000004e4   0x00000002   Code   RO          321    .text.IRQ047_Handler  lto-llvm-252130.o
    0x000004e6   0x000004e6   0x00000002   PAD
    0x000004e8   0x000004e8   0x00000002   Code   RO          323    .text.IRQ048_Handler  lto-llvm-252130.o
    0x000004ea   0x000004ea   0x00000002   PAD
    0x000004ec   0x000004ec   0x00000002   Code   RO          325    .text.IRQ049_Handler  lto-llvm-252130.o
    0x000004ee   0x000004ee   0x00000002   PAD
    0x000004f0   0x000004f0   0x00000002   Code   RO          327    .text.IRQ050_Handler  lto-llvm-252130.o
    0x000004f2   0x000004f2   0x00000002   PAD
    0x000004f4   0x000004f4   0x00000002   Code   RO          329    .text.IRQ051_Handler  lto-llvm-252130.o
    0x000004f6   0x000004f6   0x00000002   PAD
    0x000004f8   0x000004f8   0x00000002   Code   RO          331    .text.IRQ052_Handler  lto-llvm-252130.o
    0x000004fa   0x000004fa   0x00000002   PAD
    0x000004fc   0x000004fc   0x00000002   Code   RO          333    .text.IRQ053_Handler  lto-llvm-252130.o
    0x000004fe   0x000004fe   0x00000002   PAD
    0x00000500   0x00000500   0x00000002   Code   RO          335    .text.IRQ054_Handler  lto-llvm-252130.o
    0x00000502   0x00000502   0x00000002   PAD
    0x00000504   0x00000504   0x00000002   Code   RO          337    .text.IRQ055_Handler  lto-llvm-252130.o
    0x00000506   0x00000506   0x00000002   PAD
    0x00000508   0x00000508   0x00000002   Code   RO          339    .text.IRQ056_Handler  lto-llvm-252130.o
    0x0000050a   0x0000050a   0x00000002   PAD
    0x0000050c   0x0000050c   0x00000002   Code   RO          341    .text.IRQ057_Handler  lto-llvm-252130.o
    0x0000050e   0x0000050e   0x00000002   PAD
    0x00000510   0x00000510   0x00000002   Code   RO          343    .text.IRQ058_Handler  lto-llvm-252130.o
    0x00000512   0x00000512   0x00000002   PAD
    0x00000514   0x00000514   0x00000002   Code   RO          345    .text.IRQ059_Handler  lto-llvm-252130.o
    0x00000516   0x00000516   0x00000002   PAD
    0x00000518   0x00000518   0x00000002   Code   RO          347    .text.IRQ060_Handler  lto-llvm-252130.o
    0x0000051a   0x0000051a   0x00000002   PAD
    0x0000051c   0x0000051c   0x00000002   Code   RO          349    .text.IRQ061_Handler  lto-llvm-252130.o
    0x0000051e   0x0000051e   0x00000002   PAD
    0x00000520   0x00000520   0x00000002   Code   RO          351    .text.IRQ062_Handler  lto-llvm-252130.o
    0x00000522   0x00000522   0x00000002   PAD
    0x00000524   0x00000524   0x00000002   Code   RO          353    .text.IRQ063_Handler  lto-llvm-252130.o
    0x00000526   0x00000526   0x00000002   PAD
    0x00000528   0x00000528   0x00000002   Code   RO          355    .text.IRQ064_Handler  lto-llvm-252130.o
    0x0000052a   0x0000052a   0x00000002   PAD
    0x0000052c   0x0000052c   0x00000002   Code   RO          357    .text.IRQ065_Handler  lto-llvm-252130.o
    0x0000052e   0x0000052e   0x00000002   PAD
    0x00000530   0x00000530   0x00000002   Code   RO          359    .text.IRQ066_Handler  lto-llvm-252130.o
    0x00000532   0x00000532   0x00000002   PAD
    0x00000534   0x00000534   0x00000002   Code   RO          361    .text.IRQ067_Handler  lto-llvm-252130.o
    0x00000536   0x00000536   0x00000002   PAD
    0x00000538   0x00000538   0x00000002   Code   RO          363    .text.IRQ068_Handler  lto-llvm-252130.o
    0x0000053a   0x0000053a   0x00000002   PAD
    0x0000053c   0x0000053c   0x00000002   Code   RO          365    .text.IRQ069_Handler  lto-llvm-252130.o
    0x0000053e   0x0000053e   0x00000002   PAD
    0x00000540   0x00000540   0x00000002   Code   RO          367    .text.IRQ070_Handler  lto-llvm-252130.o
    0x00000542   0x00000542   0x00000002   PAD
    0x00000544   0x00000544   0x00000002   Code   RO          369    .text.IRQ071_Handler  lto-llvm-252130.o
    0x00000546   0x00000546   0x00000002   PAD
    0x00000548   0x00000548   0x00000002   Code   RO          371    .text.IRQ072_Handler  lto-llvm-252130.o
    0x0000054a   0x0000054a   0x00000002   PAD
    0x0000054c   0x0000054c   0x00000002   Code   RO          373    .text.IRQ073_Handler  lto-llvm-252130.o
    0x0000054e   0x0000054e   0x00000002   PAD
    0x00000550   0x00000550   0x00000002   Code   RO          375    .text.IRQ074_Handler  lto-llvm-252130.o
    0x00000552   0x00000552   0x00000002   PAD
    0x00000554   0x00000554   0x00000002   Code   RO          377    .text.IRQ075_Handler  lto-llvm-252130.o
    0x00000556   0x00000556   0x00000002   PAD
    0x00000558   0x00000558   0x00000002   Code   RO          379    .text.IRQ076_Handler  lto-llvm-252130.o
    0x0000055a   0x0000055a   0x00000002   PAD
    0x0000055c   0x0000055c   0x00000002   Code   RO          381    .text.IRQ077_Handler  lto-llvm-252130.o
    0x0000055e   0x0000055e   0x00000002   PAD
    0x00000560   0x00000560   0x00000002   Code   RO          383    .text.IRQ078_Handler  lto-llvm-252130.o
    0x00000562   0x00000562   0x00000002   PAD
    0x00000564   0x00000564   0x00000002   Code   RO          385    .text.IRQ079_Handler  lto-llvm-252130.o
    0x00000566   0x00000566   0x00000002   PAD
    0x00000568   0x00000568   0x00000002   Code   RO          387    .text.IRQ080_Handler  lto-llvm-252130.o
    0x0000056a   0x0000056a   0x00000002   PAD
    0x0000056c   0x0000056c   0x00000002   Code   RO          389    .text.IRQ081_Handler  lto-llvm-252130.o
    0x0000056e   0x0000056e   0x00000002   PAD
    0x00000570   0x00000570   0x00000002   Code   RO          391    .text.IRQ082_Handler  lto-llvm-252130.o
    0x00000572   0x00000572   0x00000002   PAD
    0x00000574   0x00000574   0x00000002   Code   RO          393    .text.IRQ083_Handler  lto-llvm-252130.o
    0x00000576   0x00000576   0x00000002   PAD
    0x00000578   0x00000578   0x00000002   Code   RO          395    .text.IRQ084_Handler  lto-llvm-252130.o
    0x0000057a   0x0000057a   0x00000002   PAD
    0x0000057c   0x0000057c   0x00000002   Code   RO          397    .text.IRQ085_Handler  lto-llvm-252130.o
    0x0000057e   0x0000057e   0x00000002   PAD
    0x00000580   0x00000580   0x00000002   Code   RO          399    .text.IRQ086_Handler  lto-llvm-252130.o
    0x00000582   0x00000582   0x00000002   PAD
    0x00000584   0x00000584   0x00000002   Code   RO          401    .text.IRQ087_Handler  lto-llvm-252130.o
    0x00000586   0x00000586   0x00000002   PAD
    0x00000588   0x00000588   0x00000002   Code   RO          403    .text.IRQ088_Handler  lto-llvm-252130.o
    0x0000058a   0x0000058a   0x00000002   PAD
    0x0000058c   0x0000058c   0x00000002   Code   RO          405    .text.IRQ089_Handler  lto-llvm-252130.o
    0x0000058e   0x0000058e   0x00000002   PAD
    0x00000590   0x00000590   0x00000002   Code   RO          407    .text.IRQ090_Handler  lto-llvm-252130.o
    0x00000592   0x00000592   0x00000002   PAD
    0x00000594   0x00000594   0x00000002   Code   RO          409    .text.IRQ091_Handler  lto-llvm-252130.o
    0x00000596   0x00000596   0x00000002   PAD
    0x00000598   0x00000598   0x00000002   Code   RO          411    .text.IRQ092_Handler  lto-llvm-252130.o
    0x0000059a   0x0000059a   0x00000002   PAD
    0x0000059c   0x0000059c   0x00000002   Code   RO          413    .text.IRQ093_Handler  lto-llvm-252130.o
    0x0000059e   0x0000059e   0x00000002   PAD
    0x000005a0   0x000005a0   0x00000002   Code   RO          415    .text.IRQ094_Handler  lto-llvm-252130.o
    0x000005a2   0x000005a2   0x00000002   PAD
    0x000005a4   0x000005a4   0x00000002   Code   RO          417    .text.IRQ095_Handler  lto-llvm-252130.o
    0x000005a6   0x000005a6   0x00000002   PAD
    0x000005a8   0x000005a8   0x00000002   Code   RO          419    .text.IRQ096_Handler  lto-llvm-252130.o
    0x000005aa   0x000005aa   0x00000002   PAD
    0x000005ac   0x000005ac   0x00000002   Code   RO          421    .text.IRQ097_Handler  lto-llvm-252130.o
    0x000005ae   0x000005ae   0x00000002   PAD
    0x000005b0   0x000005b0   0x00000002   Code   RO          423    .text.IRQ098_Handler  lto-llvm-252130.o
    0x000005b2   0x000005b2   0x00000002   PAD
    0x000005b4   0x000005b4   0x00000002   Code   RO          425    .text.IRQ099_Handler  lto-llvm-252130.o
    0x000005b6   0x000005b6   0x00000002   PAD
    0x000005b8   0x000005b8   0x00000002   Code   RO          427    .text.IRQ100_Handler  lto-llvm-252130.o
    0x000005ba   0x000005ba   0x00000002   PAD
    0x000005bc   0x000005bc   0x00000002   Code   RO          429    .text.IRQ101_Handler  lto-llvm-252130.o
    0x000005be   0x000005be   0x00000002   PAD
    0x000005c0   0x000005c0   0x00000002   Code   RO          431    .text.IRQ102_Handler  lto-llvm-252130.o
    0x000005c2   0x000005c2   0x00000002   PAD
    0x000005c4   0x000005c4   0x00000002   Code   RO          433    .text.IRQ103_Handler  lto-llvm-252130.o
    0x000005c6   0x000005c6   0x00000002   PAD
    0x000005c8   0x000005c8   0x00000002   Code   RO          435    .text.IRQ104_Handler  lto-llvm-252130.o
    0x000005ca   0x000005ca   0x00000002   PAD
    0x000005cc   0x000005cc   0x00000002   Code   RO          437    .text.IRQ105_Handler  lto-llvm-252130.o
    0x000005ce   0x000005ce   0x00000002   PAD
    0x000005d0   0x000005d0   0x00000002   Code   RO          439    .text.IRQ106_Handler  lto-llvm-252130.o
    0x000005d2   0x000005d2   0x00000002   PAD
    0x000005d4   0x000005d4   0x00000002   Code   RO          441    .text.IRQ107_Handler  lto-llvm-252130.o
    0x000005d6   0x000005d6   0x00000002   PAD
    0x000005d8   0x000005d8   0x00000002   Code   RO          443    .text.IRQ108_Handler  lto-llvm-252130.o
    0x000005da   0x000005da   0x00000002   PAD
    0x000005dc   0x000005dc   0x00000002   Code   RO          445    .text.IRQ109_Handler  lto-llvm-252130.o
    0x000005de   0x000005de   0x00000002   PAD
    0x000005e0   0x000005e0   0x00000002   Code   RO          447    .text.IRQ110_Handler  lto-llvm-252130.o
    0x000005e2   0x000005e2   0x00000002   PAD
    0x000005e4   0x000005e4   0x00000002   Code   RO          449    .text.IRQ111_Handler  lto-llvm-252130.o
    0x000005e6   0x000005e6   0x00000002   PAD
    0x000005e8   0x000005e8   0x00000002   Code   RO          451    .text.IRQ112_Handler  lto-llvm-252130.o
    0x000005ea   0x000005ea   0x00000002   PAD
    0x000005ec   0x000005ec   0x00000002   Code   RO          453    .text.IRQ113_Handler  lto-llvm-252130.o
    0x000005ee   0x000005ee   0x00000002   PAD
    0x000005f0   0x000005f0   0x00000002   Code   RO          455    .text.IRQ114_Handler  lto-llvm-252130.o
    0x000005f2   0x000005f2   0x00000002   PAD
    0x000005f4   0x000005f4   0x00000002   Code   RO          457    .text.IRQ115_Handler  lto-llvm-252130.o
    0x000005f6   0x000005f6   0x00000002   PAD
    0x000005f8   0x000005f8   0x00000002   Code   RO          459    .text.IRQ116_Handler  lto-llvm-252130.o
    0x000005fa   0x000005fa   0x00000002   PAD
    0x000005fc   0x000005fc   0x00000002   Code   RO          461    .text.IRQ117_Handler  lto-llvm-252130.o
    0x000005fe   0x000005fe   0x00000002   PAD
    0x00000600   0x00000600   0x00000002   Code   RO          463    .text.IRQ118_Handler  lto-llvm-252130.o
    0x00000602   0x00000602   0x00000002   PAD
    0x00000604   0x00000604   0x00000002   Code   RO          465    .text.IRQ119_Handler  lto-llvm-252130.o
    0x00000606   0x00000606   0x00000002   PAD
    0x00000608   0x00000608   0x00000002   Code   RO          467    .text.IRQ120_Handler  lto-llvm-252130.o
    0x0000060a   0x0000060a   0x00000002   PAD
    0x0000060c   0x0000060c   0x00000002   Code   RO          469    .text.IRQ121_Handler  lto-llvm-252130.o
    0x0000060e   0x0000060e   0x00000002   PAD
    0x00000610   0x00000610   0x00000002   Code   RO          471    .text.IRQ122_Handler  lto-llvm-252130.o
    0x00000612   0x00000612   0x00000002   PAD
    0x00000614   0x00000614   0x00000002   Code   RO          473    .text.IRQ123_Handler  lto-llvm-252130.o
    0x00000616   0x00000616   0x00000002   PAD
    0x00000618   0x00000618   0x00000002   Code   RO          475    .text.IRQ124_Handler  lto-llvm-252130.o
    0x0000061a   0x0000061a   0x00000002   PAD
    0x0000061c   0x0000061c   0x00000002   Code   RO          477    .text.IRQ125_Handler  lto-llvm-252130.o
    0x0000061e   0x0000061e   0x00000002   PAD
    0x00000620   0x00000620   0x00000002   Code   RO          479    .text.IRQ126_Handler  lto-llvm-252130.o
    0x00000622   0x00000622   0x00000002   PAD
    0x00000624   0x00000624   0x00000002   Code   RO          481    .text.IRQ127_Handler  lto-llvm-252130.o
    0x00000626   0x00000626   0x00000002   PAD
    0x00000628   0x00000628   0x00000008   Code   RO          219    .text.MemManage_Handler  lto-llvm-252130.o
    0x00000630   0x00000630   0x00000000   Code   RO          215    .text.NMI_Handler   lto-llvm-252130.o
    0x00000630   0x00000630   0x00000064   Code   RO          487    .text.PendSV_Handler  lto-llvm-252130.o
    0x00000694   0x00000694   0x0000000c   PAD
    0x000006a0   0x000006a0   0x00000024   Code   RO          485    .text.SVC_Handler   lto-llvm-252130.o
    0x000006c4   0x000006c4   0x000001d8   Code   RO          489    .text.SysTick_Handler  lto-llvm-252130.o
    0x0000089c   0x0000089c   0x000000a0   Code   RO          213    .text.SystemInit    lto-llvm-252130.o
    0x0000093c   0x0000093c   0x00000008   Code   RO          223    .text.UsageFault_Handler  lto-llvm-252130.o
    0x00000944   0x00000944   0x000000c2   Code   RO          211    .text.main          lto-llvm-252130.o
    0x00000a06   0x00000a06   0x00000002   PAD
    0x00000a08   0x00000a08   0x00000086   Code   RO          483    .text.vTaskSwitchContext  lto-llvm-252130.o
    0x00000a8e   0x00000a8e   0x0000001a   Code   RO          136    x$fpl$fpinit        fz_wm.l(fpinit.o)
    0x00000aa8   0x00000aa8   0x00000020   Data   RO          502    Region$$Table       anon$$obj.o


    Execution Region RW_IRAM1 (Exec base: 0x1fff8000, Load base: 0x00000ac8, Size: 0x000006f8, Max: 0x0002f000, ABSOLUTE)

    Exec Addr    Load Addr    Size         Type   Attr      Idx    E Section Name        Object

    0x1fff8000   0x00000ac8   0x00000004   Data   RW          492    .data               lto-llvm-252130.o
    0x1fff8004   0x00000acc   0x00000004   PAD
    0x1fff8008        -       0x00000060   Zero   RW           78    .bss                c_w.l(libspace.o)
    0x1fff8068        -       0x0000008c   Zero   RW          493    .bss                lto-llvm-252130.o
    0x1fff80f4   0x00000acc   0x00000004   PAD
    0x1fff80f8        -       0x00000200   Zero   RW            3    HEAP                startup_hc32f460.o
    0x1fff82f8        -       0x00000400   Zero   RW            2    STACK               startup_hc32f460.o


==============================================================================

Image component sizes


      Code (inc. data)   RO Data    RW Data    ZI Data      Debug   Object Name

      1392         14          0          4        140      96502   lto-llvm-252130.o
       116         38        640          0       1536        896   startup_hc32f460.o

    ----------------------------------------------------------------------
      1778         64        672          4       1684      97398   Object Totals
         0          0         32          0          0          0   (incl. Generated)
       270         12          0          0          8          0   (incl. Padding)

    ----------------------------------------------------------------------

      Code (inc. data)   RO Data    RW Data    ZI Data      Debug   Library Member Name

         8          0          0          0          0         68   __main.o
         0          0          0          0          0          0   __rtentry.o
        12          0          0          0          0          0   __rtentry2.o
         6          0          0          0          0          0   __rtentry4.o
        52          8          0          0          0          0   __scatter.o
        26          0          0          0          0          0   __scatter_copy.o
        28          0          0          0          0          0   __scatter_zi.o
        18          0          0          0          0         80   exit.o
         6          0          0          0          0        152   heapauxi.o
         0          0          0          0          0          0   indicate_semi.o
         2          0          0          0          0          0   libinit.o
         6          0          0          0          0          0   libinit2.o
         2          0          0          0          0          0   libshutdown.o
         2          0          0          0          0          0   libshutdown2.o
         8          4          0          0         96         68   libspace.o
         2          0          0          0          0          0   rtexit.o
        10          0          0          0          0          0   rtexit2.o
        12          4          0          0          0         68   sys_exit.o
        74          0          0          0          0         80   sys_stackheap_outer.o
         2          0          0          0          0         68   use_no_semi.o
        26          0          0          0          0        116   fpinit.o

    ----------------------------------------------------------------------
       310         16          0          0         96        700   Library Totals
         8          0          0          0          0          0   (incl. Padding)

    ----------------------------------------------------------------------

      Code (inc. data)   RO Data    RW Data    ZI Data      Debug   Library Name

       276         16          0          0         96        584   c_w.l
        26          0          0          0          0        116   fz_wm.l

    ----------------------------------------------------------------------
       310         16          0          0         96        700   Library Totals

    ----------------------------------------------------------------------

==============================================================================


      Code (inc. data)   RO Data    RW Data    ZI Data      Debug   

      2088         80        672          4       1780      97942   Grand Totals
      2088         80        672          4       1780      97942   ELF Image Totals
      2088         80        672          4          0          0   ROM Totals

==============================================================================

    Total RO  Size (Code + RO Data)                 2760 (   2.70kB)
    Total RW  Size (RW Data + ZI Data)              1784 (   1.74kB)
    Total ROM Size (Code + RO Data + RW Data)       2764 (   2.70kB)

==============================================================================

